Component: ARM Compiler 5.06 update 7 (build 960) Tool: armlink [4d3601]

==============================================================================

Section Cross References

    system_stm32f4xx.o(.text) refers to system_stm32f4xx.o(.data) for SystemCoreClock
    main.o(.text) refers to variate.o(.text) for Init
    main.o(.text) refers to oled.o(.text) for oled_show
    main.o(.text) refers to pid.o(.text) for panduan
    main.o(.text) refers to stm32f4xx_gpio.o(.text) for GPIO_ReadInputDataBit
    main.o(.text) refers to main.o(.data) for time_int_flag
    main.o(.text) refers to variate.o(.bss) for Flag
    startup_stm32f40_41xxx.o(STACK) refers (Special) to heapauxi.o(.text) for __use_two_region_memory
    startup_stm32f40_41xxx.o(HEAP) refers (Special) to heapauxi.o(.text) for __use_two_region_memory
    startup_stm32f40_41xxx.o(RESET) refers (Special) to heapauxi.o(.text) for __use_two_region_memory
    startup_stm32f40_41xxx.o(RESET) refers to startup_stm32f40_41xxx.o(STACK) for __initial_sp
    startup_stm32f40_41xxx.o(RESET) refers to startup_stm32f40_41xxx.o(.text) for Reset_Handler
    startup_stm32f40_41xxx.o(RESET) refers to stm32f4xx_it.o(.text) for NMI_Handler
    startup_stm32f40_41xxx.o(RESET) refers to timer.o(.text) for TIM4_IRQHandler
    startup_stm32f40_41xxx.o(RESET) refers to usart.o(.text) for USART1_IRQHandler
    startup_stm32f40_41xxx.o(.text) refers (Special) to heapauxi.o(.text) for __use_two_region_memory
    startup_stm32f40_41xxx.o(.text) refers to system_stm32f4xx.o(.text) for SystemInit
    startup_stm32f40_41xxx.o(.text) refers to __main.o(!!!main) for __main
    startup_stm32f40_41xxx.o(.text) refers to startup_stm32f40_41xxx.o(HEAP) for Heap_Mem
    startup_stm32f40_41xxx.o(.text) refers to startup_stm32f40_41xxx.o(STACK) for Stack_Mem
    stm32f4xx_gpio.o(.text) refers to stm32f4xx_rcc.o(.text) for RCC_AHB1PeriphResetCmd
    stm32f4xx_rcc.o(.text) refers to stm32f4xx_rcc.o(.data) for APBAHBPrescTable
    stm32f4xx_syscfg.o(.text) refers to stm32f4xx_rcc.o(.text) for RCC_APB2PeriphResetCmd
    stm32f4xx_tim.o(.text) refers to stm32f4xx_rcc.o(.text) for RCC_APB2PeriphResetCmd
    stm32f4xx_usart.o(.text) refers to stm32f4xx_rcc.o(.text) for RCC_APB2PeriphResetCmd
    delay.o(.text) refers to misc.o(.text) for SysTick_CLKSourceConfig
    delay.o(.text) refers to delay.o(.data) for fac_us
    usart.o(.rev16_text) refers (Special) to use_no_semi_2.o(.text) for __use_no_semihosting
    usart.o(.revsh_text) refers (Special) to use_no_semi_2.o(.text) for __use_no_semihosting
    usart.o(.text) refers (Special) to use_no_semi_2.o(.text) for __use_no_semihosting
    usart.o(.text) refers to stm32f4xx_usart.o(.text) for USART_SendData
    usart.o(.text) refers to stm32f4xx_rcc.o(.text) for RCC_AHB1PeriphClockCmd
    usart.o(.text) refers to stm32f4xx_gpio.o(.text) for GPIO_PinAFConfig
    usart.o(.text) refers to misc.o(.text) for NVIC_Init
    usart.o(.text) refers to usart.o(.bss) for rubb
    usart.o(.text) refers to usart.o(.data) for rx_cnt
    usart.o(.text) refers to variate.o(.bss) for Flag
    usart.o(.text) refers to gyro.o(.bss) for gyro
    usart.o(.bss) refers (Special) to use_no_semi_2.o(.text) for __use_no_semihosting
    usart.o(.data) refers (Special) to use_no_semi_2.o(.text) for __use_no_semihosting
    variate.o(.text) refers to misc.o(.text) for NVIC_PriorityGroupConfig
    variate.o(.text) refers to delay.o(.text) for delay_init
    variate.o(.text) refers to usart.o(.text) for Uart1_Init
    variate.o(.text) refers to gyro.o(.text) for GYRO_Init
    variate.o(.text) refers to gray.o(.text) for GRAY_Init
    variate.o(.text) refers to key.o(.text) for KEY_Init
    variate.o(.text) refers to led.o(.text) for LED_Init
    variate.o(.text) refers to oled.o(.text) for OLED_Init
    variate.o(.text) refers to timer.o(.text) for TIM4_Init
    variate.o(.text) refers to motor.o(.text) for Motor_Init
    variate.o(.text) refers to pid.o(.text) for PID_Init
    variate.o(.text) refers to stm32f4xx_tim.o(.text) for TIM_SetCompare1
    variate.o(.text) refers to stm32f4xx_gpio.o(.text) for GPIO_ReadInputDataBit
    variate.o(.text) refers to variate.o(.bss) for Flag
    variate.o(.text) refers to variate.o(.data) for tx1
    variate.o(.text) refers to usart.o(.data) for get_image_bz
    variate.o(.text) refers to gyro.o(.bss) for gyro
    variate.o(.text) refers to gray.o(.bss) for Gray
    variate.o(.text) refers to motor.o(.data) for A1
    variate.o(.text) refers to usart.o(.bss) for rub
    key.o(.text) refers to stm32f4xx_rcc.o(.text) for RCC_AHB1PeriphClockCmd
    key.o(.text) refers to stm32f4xx_gpio.o(.text) for GPIO_Init
    key.o(.text) refers to delay.o(.text) for delay_ms
    key.o(.text) refers to variate.o(.text) for Next_Step
    key.o(.text) refers to oled.o(.text) for OLED_Clear
    key.o(.text) refers to key.o(.data) for key_up
    key.o(.text) refers to variate.o(.bss) for Flag
[...]
    .ARM.Collect$$libshutdown$$00000012      0x08000206   Section        2  libshutdown2.o(.ARM.Collect$$libshutdown$$00000012)
    .ARM.Collect$$rtentry$$00000000          0x08000208   Section        0  __rtentry.o(.ARM.Collect$$rtentry$$00000000)
    .ARM.Collect$$rtentry$$00000002          0x08000208   Section        0  __rtentry2.o(.ARM.Collect$$rtentry$$00000002)
    .ARM.Collect$$rtentry$$00000004          0x08000208   Section        6  __rtentry4.o(.ARM.Collect$$rtentry$$00000004)
    .ARM.Collect$$rtentry$$00000009          0x0800020e   Section        0  __rtentry2.o(.ARM.Collect$$rtentry$$00000009)
    .ARM.Collect$$rtentry$$0000000A          0x0800020e   Section        4  __rtentry2.o(.ARM.Collect$$rtentry$$0000000A)
    .ARM.Collect$$rtentry$$0000000C          0x08000212   Section        0  __rtentry2.o(.ARM.Collect$$rtentry$$0000000C)
    .ARM.Collect$$rtentry$$0000000D          0x08000212   Section        8  __rtentry2.o(.ARM.Collect$$rtentry$$0000000D)
    .ARM.Collect$$rtexit$$00000000           0x0800021a   Section        2  rtexit.o(.ARM.Collect$$rtexit$$00000000)
    .ARM.Collect$$rtexit$$00000002           0x0800021c   Section        0  rtexit2.o(.ARM.Collect$$rtexit$$00000002)
    .ARM.Collect$$rtexit$$00000003           0x0800021c   Section        4  rtexit2.o(.ARM.Collect$$rtexit$$00000003)
    .ARM.Collect$$rtexit$$00000004           0x08000220   Section        6  rtexit2.o(.ARM.Collect$$rtexit$$00000004)
    .text                                    0x08000228   Section        0  system_stm32f4xx.o(.text)
    SetSysClock                              0x08000229   Thumb Code   220  system_stm32f4xx.o(.text)
    .text                                    0x08000438   Section        0  main.o(.text)
    .text                                    0x080005a0   Section        0  stm32f4xx_it.o(.text)
    .text                                    0x080005bc   Section       64  startup_stm32f40_41xxx.o(.text)
    $v0                                      0x080005bc   Number         0  startup_stm32f40_41xxx.o(.text)
    .text                                    0x080005fc   Section        0  misc.o(.text)
    .text                                    0x080006dc   Section        0  stm32f4xx_gpio.o(.text)
    .text                                    0x08000970   Section        0  stm32f4xx_rcc.o(.text)
    .text                                    0x08000fcc   Section        0  stm32f4xx_tim.o(.text)
    TI4_Config                               0x0800176b   Thumb Code    80  stm32f4xx_tim.o(.text)
    TI3_Config                               0x080017cd   Thumb Code    72  stm32f4xx_tim.o(.text)
    TI2_Config                               0x0800182f   Thumb Code    90  stm32f4xx_tim.o(.text)
    TI1_Config                               0x0800189b   Thumb Code    58  stm32f4xx_tim.o(.text)
    .text                                    0x08001c70   Section        0  stm32f4xx_usart.o(.text)
    .text                                    0x080020c4   Section        0  delay.o(.text)
    .text                                    0x080021c8   Section        0  usart.o(.text)
    .text                                    0x080026b4   Section        0  variate.o(.text)
    .text                                    0x08004090   Section        0  key.o(.text)
    .text                                    0x0800422c   Section        0  led.o(.text)
    .text                                    0x0800426c   Section        0  motor.o(.text)
    .text                                    0x08005e5c   Section        0  timer.o(.text)
    .text                                    0x0800611c   Section        0  oled.o(.text)
    .text                                    0x08006938   Section        0  gray.o(.text)
    .text                                    0x08006b94   Section        0  pid.o(.text)
    .text                                    0x08007ba0   Section        0  gyro.o(.text)
    .text                                    0x08007cb8   Section        2  use_no_semi_2.o(.text)
    .text                                    0x08007cba   Section        0  heapauxi.o(.text)
    .text                                    0x08007cc0   Section        2  use_no_semi.o(.text)
    .text                                    0x08007cc2   Section        0  _rserrno.o(.text)
    .text                                    0x08007cd8   Section        8  rt_errno_addr_intlibspace.o(.text)
    .text                                    0x08007ce0   Section        8  libspace.o(.text)
    .text                                    0x08007ce8   Section       74  sys_stackheap_outer.o(.text)
    .text                                    0x08007d32   Section        0  exit.o(.text)
    i.__ARM_fpclassify                       0x08007d44   Section        0  fpclassify.o(i.__ARM_fpclassify)
    i.__hardfp_pow                           0x08007d78   Section        0  pow.o(i.__hardfp_pow)
    i.__kernel_poly                          0x080089c8   Section        0  poly.o(i.__kernel_poly)
    i.__mathlib_dbl_divzero                  0x08008ac0   Section        0  dunder.o(i.__mathlib_dbl_divzero)
    i.__mathlib_dbl_infnan2                  0x08008af0   Section        0  dunder.o(i.__mathlib_dbl_infnan2)
    i.__mathlib_dbl_invalid                  0x08008b08   Section        0  dunder.o(i.__mathlib_dbl_invalid)
    i.__mathlib_dbl_overflow                 0x08008b28   Section        0  dunder.o(i.__mathlib_dbl_overflow)
    i.__mathlib_dbl_underflow                0x08008b48   Section        0  dunder.o(i.__mathlib_dbl_underflow)
    i.fabs                                   0x08008b68   Section        0  fabs.o(i.fabs)
    i.sqrt                                   0x08008b80   Section        0  sqrt.o(i.sqrt)
    x$fpl$basic                              0x08008bee   Section       24  basic.o(x$fpl$basic)
    $v0                                      0x08008bee   Number         0  basic.o(x$fpl$basic)
    x$fpl$dadd                               0x08008c08   Section      336  daddsub_clz.o(x$fpl$dadd)
    $v0                                      0x08008c08   Number         0  daddsub_clz.o(x$fpl$dadd)
    _dadd1                                   0x08008c19   Thumb Code     0  daddsub_clz.o(x$fpl$dadd)
    x$fpl$dcheck1                            0x08008d58   Section       16  dcheck1.o(x$fpl$dcheck1)
    $v0                                      0x08008d58   Number         0  dcheck1.o(x$fpl$dcheck1)
    x$fpl$dcmpinf                            0x08008d68   Section       24  dcmpi.o(x$fpl$dcmpinf)
    $v0                                      0x08008d68   Number         0  dcmpi.o(x$fpl$dcmpinf)
    x$fpl$ddiv                               0x08008d80   Section      688  ddiv.o(x$fpl$ddiv)
    $v0                                      0x08008d80   Number         0  ddiv.o(x$fpl$ddiv)
    ddiv_entry                               0x08008d87   Thumb Code     0  ddiv.o(x$fpl$ddiv)
    x$fpl$dfix                               0x08009030   Section       94  dfix.o(x$fpl$dfix)
    $v0                                      0x08009030   Number         0  dfix.o(x$fpl$dfix)
    x$fpl$dflt                               0x0800908e   Section       46  dflt_clz.o(x$fpl$dflt)
    $v0                                      0x0800908e   Number         0  dflt_clz.o(x$fpl$dflt)
    x$fpl$dleqf                              0x080090bc   Section      120  dleqf.o(x$fpl$dleqf)
    $v0                                      0x080090bc   Number         0  dleqf.o(x$fpl$dleqf)
    x$fpl$dmul                               0x08009134   Section      340  dmul.o(x$fpl$dmul)
    $v0                                      0x08009134   Number         0  dmul.o(x$fpl$dmul)
    x$fpl$dnaninf                            0x08009288   Section      156  dnaninf.o(x$fpl$dnaninf)
    $v0                                      0x08009288   Number         0  dnaninf.o(x$fpl$dnaninf)
    x$fpl$dretinf                            0x08009324   Section       12  dretinf.o(x$fpl$dretinf)
    $v0                                      0x08009324   Number         0  dretinf.o(x$fpl$dretinf)
    x$fpl$drleqf                             0x08009330   Section      108  drleqf.o(x$fpl$drleqf)
    $v0                                      0x08009330   Number         0  drleqf.o(x$fpl$drleqf)
    x$fpl$drsb                               0x0800939c   Section       22  daddsub_clz.o(x$fpl$drsb)
    $v0                                      0x0800939c   Number         0  daddsub_clz.o(x$fpl$drsb)
    x$fpl$dsqrt                              0x080093b4   Section      408  dsqrt_umaal.o(x$fpl$dsqrt)
    $v0                                      0x080093b4   Number         0  dsqrt_umaal.o(x$fpl$dsqrt)
    x$fpl$dsub                               0x0800954c   Section      468  daddsub_clz.o(x$fpl$dsub)
    $v0                                      0x0800954c   Number         0  daddsub_clz.o(x$fpl$dsub)
    _dsub1                                   0x0800955d   Thumb Code     0  daddsub_clz.o(x$fpl$dsub)
    x$fpl$fpinit                             0x08009720   Section       10  fpinit.o(x$fpl$fpinit)
    $v0                                      0x08009720   Number         0  fpinit.o(x$fpl$fpinit)
    x$fpl$retnan                             0x0800972a   Section      100  retnan.o(x$fpl$retnan)
    $v0                                      0x0800972a   Number         0  retnan.o(x$fpl$retnan)
    x$fpl$scalbn                             0x0800978e   Section       92  scalbn.o(x$fpl$scalbn)
    $v0                                      0x0800978e   Number         0  scalbn.o(x$fpl$scalbn)
    x$fpl$trapveneer                         0x080097ea   Section       48  trapv.o(x$fpl$trapveneer)
    $v0                                      0x080097ea   Number         0  trapv.o(x$fpl$trapveneer)
    .constdata                               0x0800981a   Section     6080  oled.o(.constdata)
    x$fpl$usenofp                            0x0800981a   Section        0  usenofp.o(x$fpl$usenofp)
    .constdata                               0x0800afe0   Section      136  pow.o(.constdata)
    bp                                       0x0800afe0   Data          16  pow.o(.constdata)
    dp_h                                     0x0800aff0   Data          16  pow.o(.constdata)
    dp_l                                     0x0800b000   Data          16  pow.o(.constdata)
    L                                        0x0800b010   Data          48  pow.o(.constdata)
    P                                        0x0800b040   Data          40  pow.o(.constdata)
    .constdata                               0x0800b068   Section        8  qnan.o(.constdata)
    .data                                    0x20000000   Section       20  system_stm32f4xx.o(.data)
    .data                                    0x20000014   Section       20  main.o(.data)
    .data                                    0x20000028   Section       16  stm32f4xx_rcc.o(.data)
    APBAHBPrescTable                         0x20000028   Data          16  stm32f4xx_rcc.o(.data)
    .data                                    0x20000038   Section        4  delay.o(.data)
    fac_us                                   0x20000038   Data           1  delay.o(.data)
    fac_ms                                   0x2000003a   Data           2  delay.o(.data)
    .data                                    0x2000003c   Section       76  usart.o(.data)
    .data                                    0x20000088   Section       24  variate.o(.data)
    .data                                    0x200000a0   Section        1  key.o(.data)
    key_up                                   0x200000a0   Data           1  key.o(.data)
    .data                                    0x200000a4   Section       24  motor.o(.data)
    .data                                    0x200000bc   Section       52  pid.o(.data)
    .bss                                     0x200000f0   Section     1448  usart.o(.bss)
    .bss                                     0x20000698   Section      200  variate.o(.bss)
    .bss                                     0x20000760   Section     1024  oled.o(.bss)
    .bss                                     0x20000b60   Section       20  gray.o(.bss)
    .bss                                     0x20000b74   Section      160  pid.o(.bss)
    .bss                                     0x20000c14   Section       20  gyro.o(.bss)
    .bss                                     0x20000c28   Section       96  libspace.o(.bss)
    HEAP                                     0x20000c88   Section      512  startup_stm32f40_41xxx.o(HEAP)
    Heap_Mem                                 0x20000c88   Data         512  startup_stm32f40_41xxx.o(HEAP)
    STACK                                    0x20000e88   Section     1024  startup_stm32f40_41xxx.o(STACK)
    Stack_Mem                                0x20000e88   Data        1024  startup_stm32f40_41xxx.o(STACK)
    __initial_sp                             0x20001288   Data           0  startup_stm32f40_41xxx.o(STACK)

    Global Symbols

    Symbol Name                              Value     Ov Type        Size  Object(Section)

    BuildAttributes$$THM_ISAv4$E$P$D$K$B$S$7EM$VFPi3$EXTD16$VFPS$VFMA$PE$A:L22UL41UL21$X:L11$S22US41US21$IEEE1$IW$USESV6$~STKCKD$USESV7$~SHL$OTIME$ROPI$IEEEX$EBA8$UX$STANDARDLIB$REQ8$PRES8$EABIv2 0x00000000   Number         0  anon$$obj.o ABSOLUTE
    __ARM_use_no_argv                        0x00000000   Number         0  main.o ABSOLUTE
    __ARM_exceptions_init                     - Undefined Weak Reference
    __alloca_initialize                       - Undefined Weak Reference
    __arm_fini_                               - Undefined Weak Reference
    __arm_preinit_                            - Undefined Weak Reference
    __cpp_initialize__aeabi_                  - Undefined Weak Reference
    __cxa_finalize                            - Undefined Weak Reference
    __rt_locale                               - Undefined Weak Reference
    __sigvec_lookup                           - Undefined Weak Reference
    _atexit_init                              - Undefined Weak Reference
    _call_atexit_fns                          - Undefined Weak Reference
    _clock_init                               - Undefined Weak Reference
    _fp_trap_init                             - Undefined Weak Reference
    _fp_trap_shutdown                         - Undefined Weak Reference
    _get_lc_collate                           - Undefined Weak Reference
    _get_lc_ctype                             - Undefined Weak Reference
    _get_lc_monetary                          - Undefined Weak Reference
    _get_lc_numeric                           - Undefined Weak Reference
    _get_lc_time                              - Undefined Weak Reference
    _getenv_init                              - Undefined Weak Reference
    _handle_redirection                       - Undefined Weak Reference
    _init_alloc                               - Undefined Weak Reference
    _init_user_alloc                          - Undefined Weak Reference
    _initio                                   - Undefined Weak Reference
    _rand_init                                - Undefined Weak Reference
    _signal_finish                            - Undefined Weak Reference
    _signal_init                              - Undefined Weak Reference
    _terminate_alloc                          - Undefined Weak Reference
    _terminate_user_alloc                     - Undefined Weak Reference
    _terminateio                              - Undefined Weak Reference
    __Vectors_Size                           0x00000188   Number         0  startup_stm32f40_41xxx.o ABSOLUTE
    __Vectors                                0x08000000   Data           4  startup_stm32f40_41xxx.o(RESET)
    __Vectors_End                            0x08000188   Data           0  startup_stm32f40_41xxx.o(RESET)
    __main                                   0x08000189   Thumb Code     8  __main.o(!!!main)
    __scatterload                            0x08000191   Thumb Code     0  __scatter.o(!!!scatter)
    __scatterload_rt2                        0x08000191   Thumb Code    44  __scatter.o(!!!scatter)
    __scatterload_rt2_thumb_only             0x08000191   Thumb Code     0  __scatter.o(!!!scatter)
    __scatterload_null                       0x0800019f   Thumb Code     0  __scatter.o(!!!scatter)
    __scatterload_copy                       0x080001c5   Thumb Code    26  __scatter_copy.o(!!handler_copy)
    __scatterload_zeroinit                   0x080001e1   Thumb Code    28  __scatter_zi.o(!!handler_zi)
    __rt_lib_init                            0x080001fd   Thumb Code     0  libinit.o(.ARM.Collect$$libinit$$00000000)
    __rt_lib_init_fp_1                       0x080001ff   Thumb Code     0  libinit2.o(.ARM.Collect$$libinit$$00000001)
    __rt_lib_init_alloca_1                   0x08000203   Thumb Code     0  libinit2.o(.ARM.Collect$$libinit$$0000002E)
    __rt_lib_init_argv_1                     0x08000203   Thumb Code     0  libinit2.o(.ARM.Collect$$libinit$$0000002C)
    __rt_lib_init_atexit_1                   0x08000203   Thumb Code     0  libinit2.o(.ARM.Collect$$libinit$$0000001B)
    __rt_lib_init_clock_1                    0x08000203   Thumb Code     0  libinit2.o(.ARM.Collect$$libinit$$00000021)
    __rt_lib_init_cpp_1                      0x08000203   Thumb Code     0  libinit2.o(.ARM.Collect$$libinit$$00000032)
    __rt_lib_init_exceptions_1               0x08000203   Thumb Code     0  libinit2.o(.ARM.Collect$$libinit$$00000030)
    __rt_lib_init_fp_trap_1                  0x08000203   Thumb Code     0  libinit2.o(.ARM.Collect$$libinit$$0000001F)
    __rt_lib_init_getenv_1                   0x08000203   Thumb Code     0  libinit2.o(.ARM.Collect$$libinit$$00000023)
    __rt_lib_init_heap_1                     0x08000203   Thumb Code     0  libinit2.o(.ARM.Collect$$libinit$$0000000A)
    __rt_lib_init_lc_collate_1               0x08000203   Thumb Code     0  libinit2.o(.ARM.Collect$$libinit$$00000011)
    __rt_lib_init_lc_ctype_1                 0x08000203   Thumb Code     0  libinit2.o(.ARM.Collect$$libinit$$00000013)
    __rt_lib_init_lc_monetary_1              0x08000203   Thumb Code     0  libinit2.o(.ARM.Collect$$libinit$$00000015)
    __rt_lib_init_lc_numeric_1               0x08000203   Thumb Code     0  libinit2.o(.ARM.Collect$$libinit$$00000017)
    __rt_lib_init_lc_time_1                  0x08000203   Thumb Code     0  libinit2.o(.ARM.Collect$$libinit$$00000019)
    __rt_lib_init_preinit_1                  0x08000203   Thumb Code     0  libinit2.o(.ARM.Collect$$libinit$$00000004)
    __rt_lib_init_rand_1                     0x08000203   Thumb Code     0  libinit2.o(.ARM.Collect$$libinit$$0000000E)
    __rt_lib_init_return                     0x08000203   Thumb Code     0  libinit2.o(.ARM.Collect$$libinit$$00000033)
    __rt_lib_init_signal_1                   0x08000203   Thumb Code     0  libinit2.o(.ARM.Collect$$libinit$$0000001D)
    __rt_lib_init_stdio_1                    0x08000203   Thumb Code     0  libinit2.o(.ARM.Collect$$libinit$$00000025)
    __rt_lib_init_user_alloc_1               0x08000203   Thumb Code     0  libinit2.o(.ARM.Collect$$libinit$$0000000C)
    __rt_lib_shutdown                        0x08000205   Thumb Code     0  libshutdown.o(.ARM.Collect$$libshutdown$$00000000)
    __rt_lib_shutdown_cpp_1                  0x08000207   Thumb Code     0  libshutdown2.o(.ARM.Collect$$libshutdown$$00000004)
    __rt_lib_shutdown_fini_1                 0x08000207   Thumb Code     0  libshutdown2.o(.ARM.Collect$$libshutdown$$00000002)
    __rt_lib_shutdown_fp_trap_1              0x08000207   Thumb Code     0  libshutdown2.o(.ARM.Collect$$libshutdown$$00000009)
    __rt_lib_shutdown_heap_1                 0x08000207   Thumb Code     0  libshutdown2.o(.ARM.Collect$$libshutdown$$00000011)
    __rt_lib_shutdown_return                 0x08000207   Thumb Code     0  libshutdown2.o(.ARM.Collect$$libshutdown$$00000012)
    __rt_lib_shutdown_signal_1               0x08000207   Thumb Code     0  libshutdown2.o(.ARM.Collect$$libshutdown$$0000000C)
    __rt_lib_shutdown_stdio_1                0x08000207   Thumb Code     0  libshutdown2.o(.ARM.Collect$$libshutdown$$00000006)
    __rt_lib_shutdown_user_alloc_1           0x08000207   Thumb Code     0  libshutdown2.o(.ARM.Collect$$libshutdown$$0000000E)
    __rt_entry                               0x08000209   Thumb Code     0  __rtentry.o(.ARM.Collect$$rtentry$$00000000)
    __rt_entry_presh_1                       0x08000209   Thumb Code     0  __rtentry2.o(.ARM.Collect$$rtentry$$00000002)
    __rt_entry_sh                            0x08000209   Thumb Code     0  __rtentry4.o(.ARM.Collect$$rtentry$$00000004)
    __rt_entry_li                            0x0800020f   Thumb Code     0  __rtentry2.o(.ARM.Collect$$rtentry$$0000000A)
    __rt_entry_postsh_1                      0x0800020f   Thumb Code     0  __rtentry2.o(.ARM.Collect$$rtentry$$00000009)
    __rt_entry_main                          0x08000213   Thumb Code     0  __rtentry2.o(.ARM.Collect$$rtentry$$0000000D)
    __rt_entry_postli_1                      0x08000213   Thumb Code     0  __rtentry2.o(.ARM.Collect$$rtentry$$0000000C)
    __rt_exit                                0x0800021b   Thumb Code     0  rtexit.o(.ARM.Collect$$rtexit$$00000000)
    __rt_exit_ls                             0x0800021d   Thumb Code     0  rtexit2.o(.ARM.Collect$$rtexit$$00000003)
    __rt_exit_prels_1                        0x0800021d   Thumb Code     0  rtexit2.o(.ARM.Collect$$rtexit$$00000002)
    __rt_exit_exit                           0x08000221   Thumb Code     0  rtexit2.o(.ARM.Collect$$rtexit$$00000004)
    SystemInit                               0x08000305   Thumb Code    88  system_stm32f4xx.o(.text)
    SystemCoreClockUpdate                    0x0800035d   Thumb Code   174  system_stm32f4xx.o(.text)
    main                                     0x08000439   Thumb Code   314  main.o(.text)
    NMI_Handler                              0x080005a1   Thumb Code     2  stm32f4xx_it.o(.text)
    HardFault_Handler                        0x080005a3   Thumb Code     4  stm32f4xx_it.o(.text)
    MemManage_Handler                        0x080005a7   Thumb Code     4  stm32f4xx_it.o(.text)
    BusFault_Handler                         0x080005ab   Thumb Code     4  stm32f4xx_it.o(.text)
    UsageFault_Handler                       0x080005af   Thumb Code     4  stm32f4xx_it.o(.text)
    SVC_Handler                              0x080005b3   Thumb Code     2  stm32f4xx_it.o(.text)
    DebugMon_Handler                         0x080005b5   Thumb Code     2  stm32f4xx_it.o(.text)
    PendSV_Handler                           0x080005b7   Thumb Code     2  stm32f4xx_it.o(.text)
    SysTick_Handler                          0x080005b9   Thumb Code     2  stm32f4xx_it.o(.text)
    Reset_Handler                            0x080005bd   Thumb Code     8  startup_stm32f40_41xxx.o(.text)
    ADC_IRQHandler                           0x080005d7   Thumb Code     0  startup_stm32f40_41xxx.o(.text)
    CAN1_RX0_IRQHandler                      0x080005d7   Thumb Code     0  startup_stm32f40_41xxx.o(.text)
    CAN1_RX1_IRQHandler                      0x080005d7   Thumb Code     0  startup_stm32f40_41xxx.o(.text)
    CAN1_SCE_IRQHandler                      0x080005d7   Thumb Code     0  startup_stm32f40_41xxx.o(.text)
    CAN1_TX_IRQHandler                       0x080005d7   Thumb Code     0  startup_stm32f40_41xxx.o(.text)
    CAN2_RX0_IRQHandler                      0x080005d7   Thumb Code     0  startup_stm32f40_41xxx.o(.text)
    CAN2_RX1_IRQHandler                      0x080005d7   Thumb Code     0  startup_stm32f40_41xxx.o(.text)
    CAN2_SCE_IRQHandler                      0x080005d7   Thumb Code     0  startup_stm32f40_41xxx.o(.text)
    CAN2_TX_IRQHandler                       0x080005d7   Thumb Code     0  startup_stm32f40_41xxx.o(.text)
    CRYP_IRQHandler                          0x080005d7   Thumb Code     0  startup_stm32f40_41xxx.o(.text)
    DCMI_IRQHandler                          0x080005d7   Thumb Code     0  startup_stm32f40_41xxx.o(.text)
    DMA1_Stream0_IRQHandler                  0x080005d7   Thumb Code     0  startup_stm32f40_41xxx.o(.text)
    DMA1_Stream1_IRQHandler                  0x080005d7   Thumb Code     0  startup_stm32f40_41xxx.o(.text)
    DMA1_Stream2_IRQHandler                  0x080005d7   Thumb Code     0  startup_stm32f40_41xxx.o(.text)
    DMA1_Stream3_IRQHandler                  0x080005d7   Thumb Code     0  startup_stm32f40_41xxx.o(.text)
    DMA1_Stream4_IRQHandler                  0x080005d7   Thumb Code     0  startup_stm32f40_41xxx.o(.text)
    DMA1_Stream5_IRQHandler                  0x080005d7   Thumb Code     0  startup_stm32f40_41xxx.o(.text)
    DMA1_Stream6_IRQHandler                  0x080005d7   Thumb Code     0  startup_stm32f40_41xxx.o(.text)
    DMA1_Stream7_IRQHandler                  0x080005d7   Thumb Code     0  startup_stm32f40_41xxx.o(.text)
    DMA2_Stream0_IRQHandler                  0x080005d7   Thumb Code     0  startup_stm32f40_41xxx.o(.text)
    DMA2_Stream1_IRQHandler                  0x080005d7   Thumb Code     0  startup_stm32f40_41xxx.o(.text)
    DMA2_Stream2_IRQHandler                  0x080005d7   Thumb Code     0  startup_stm32f40_41xxx.o(.text)
    DMA2_Stream3_IRQHandler                  0x080005d7   Thumb Code     0  startup_stm32f40_41xxx.o(.text)
    DMA2_Stream4_IRQHandler                  0x080005d7   Thumb Code     0  startup_stm32f40_41xxx.o(.text)
    DMA2_Stream5_IRQHandler                  0x080005d7   Thumb Code     0  startup_stm32f40_41xxx.o(.text)
    DMA2_Stream6_IRQHandler                  0x080005d7   Thumb Code     0  startup_stm32f40_41xxx.o(.text)
    DMA2_Stream7_IRQHandler                  0x080005d7   Thumb Code     0  startup_stm32f40_41xxx.o(.text)
    ETH_IRQHandler                           0x080005d7   Thumb Code     0  startup_stm32f40_41xxx.o(.text)
    ETH_WKUP_IRQHandler                      0x080005d7   Thumb Code     0  startup_stm32f40_41xxx.o(.text)
    EXTI0_IRQHandler                         0x080005d7   Thumb Code     0  startup_stm32f40_41xxx.o(.text)
    EXTI15_10_IRQHandler                     0x080005d7   Thumb Code     0  startup_stm32f40_41xxx.o(.text)
    EXTI1_IRQHandler                         0x080005d7   Thumb Code     0  startup_stm32f40_41xxx.o(.text)
    EXTI2_IRQHandler                         0x080005d7   Thumb Code     0  startup_stm32f40_41xxx.o(.text)
    EXTI3_IRQHandler                         0x080005d7   Thumb Code     0  startup_stm32f40_41xxx.o(.text)
    EXTI4_IRQHandler                         0x080005d7   Thumb Code     0  startup_stm32f40_41xxx.o(.text)
    EXTI9_5_IRQHandler                       0x080005d7   Thumb Code     0  startup_stm32f40_41xxx.o(.text)
    FLASH_IRQHandler                         0x080005d7   Thumb Code     0  startup_stm32f40_41xxx.o(.text)
    FPU_IRQHandler                           0x080005d7   Thumb Code     0  startup_stm32f40_41xxx.o(.text)
    FSMC_IRQHandler                          0x080005d7   Thumb Code     0  startup_stm32f40_41xxx.o(.text)
    HASH_RNG_IRQHandler                      0x080005d7   Thumb Code     0  startup_stm32f40_41xxx.o(.text)
    I2C1_ER_IRQHandler                       0x080005d7   Thumb Code     0  startup_stm32f40_41xxx.o(.text)
    I2C1_EV_IRQHandler                       0x080005d7   Thumb Code     0  startup_stm32f40_41xxx.o(.text)
    I2C2_ER_IRQHandler                       0x080005d7   Thumb Code     0  startup_stm32f40_41xxx.o(.text)
    I2C2_EV_IRQHandler                       0x080005d7   Thumb Code     0  startup_stm32f40_41xxx.o(.text)
    I2C3_ER_IRQHandler                       0x080005d7   Thumb Code     0  startup_stm32f40_41xxx.o(.text)
    I2C3_EV_IRQHandler                       0x080005d7   Thumb Code     0  startup_stm32f40_41xxx.o(.text)
    OTG_FS_IRQHandler                        0x080005d7   Thumb Code     0  startup_stm32f40_41xxx.o(.text)
    OTG_FS_WKUP_IRQHandler                   0x080005d7   Thumb Code     0  startup_stm32f40_41xxx.o(.text)
    OTG_HS_EP1_IN_IRQHandler                 0x080005d7   Thumb Code     0  startup_stm32f40_41xxx.o(.text)
    OTG_HS_EP1_OUT_IRQHandler                0x080005d7   Thumb Code     0  startup_stm32f40_41xxx.o(.text)
    OTG_HS_IRQHandler                        0x080005d7   Thumb Code     0  startup_stm32f40_41xxx.o(.text)
    OTG_HS_WKUP_IRQHandler                   0x080005d7   Thumb Code     0  startup_stm32f40_41xxx.o(.text)
    PVD_IRQHandler                           0x080005d7   Thumb Code     0  startup_stm32f40_41xxx.o(.text)
    RCC_IRQHandler                           0x080005d7   Thumb Code     0  startup_stm32f40_41xxx.o(.text)
    RTC_Alarm_IRQHandler                     0x080005d7   Thumb Code     0  startup_stm32f40_41xxx.o(.text)
    RTC_WKUP_IRQHandler                      0x080005d7   Thumb Code     0  startup_stm32f40_41xxx.o(.text)
    SDIO_IRQHandler                          0x080005d7   Thumb Code     0  startup_stm32f40_41xxx.o(.text)
    SPI1_IRQHandler                          0x080005d7   Thumb Code     0  startup_stm32f40_41xxx.o(.text)
    SPI2_IRQHandler                          0x080005d7   Thumb Code     0  startup_stm32f40_41xxx.o(.text)
    SPI3_IRQHandler                          0x080005d7   Thumb Code     0  startup_stm32f40_41xxx.o(.text)
    TAMP_STAMP_IRQHandler                    0x080005d7   Thumb Code     0  startup_stm32f40_41xxx.o(.text)
    TIM1_BRK_TIM9_IRQHandler                 0x080005d7   Thumb Code     0  startup_stm32f40_41xxx.o(.text)
    TIM1_CC_IRQHandler                       0x080005d7   Thumb Code     0  startup_stm32f40_41xxx.o(.text)
    TIM1_TRG_COM_TIM11_IRQHandler            0x080005d7   Thumb Code     0  startup_stm32f40_41xxx.o(.text)
    TIM1_UP_TIM10_IRQHandler                 0x080005d7   Thumb Code     0  startup_stm32f40_41xxx.o(.text)
    TIM2_IRQHandler                          0x080005d7   Thumb Code     0  startup_stm32f40_41xxx.o(.text)
    TIM3_IRQHandler                          0x080005d7   Thumb Code     0  startup_stm32f40_41xxx.o(.text)
    TIM5_IRQHandler                          0x080005d7   Thumb Code     0  startup_stm32f40_41xxx.o(.text)
    TIM6_DAC_IRQHandler                      0x080005d7   Thumb Code     0  startup_stm32f40_41xxx.o(.text)
    TIM7_IRQHandler                          0x080005d7   Thumb Code     0  startup_stm32f40_41xxx.o(.text)
    TIM8_BRK_TIM12_IRQHandler                0x080005d7   Thumb Code     0  startup_stm32f40_41xxx.o(.text)
    TIM8_CC_IRQHandler                       0x080005d7   Thumb Code     0  startup_stm32f40_41xxx.o(.text)
    TIM8_TRG_COM_TIM14_IRQHandler            0x080005d7   Thumb Code     0  startup_stm32f40_41xxx.o(.text)
    TIM8_UP_TIM13_IRQHandler                 0x080005d7   Thumb Code     0  startup_stm32f40_41xxx.o(.text)
    UART4_IRQHandler                         0x080005d7   Thumb Code     0  startup_stm32f40_41xxx.o(.text)
    UART5_IRQHandler                         0x080005d7   Thumb Code     0  startup_stm32f40_41xxx.o(.text)
    USART6_IRQHandler                        0x080005d7   Thumb Code     0  startup_stm32f40_41xxx.o(.text)
    WWDG_IRQHandler                          0x080005d7   Thumb Code     0  startup_stm32f40_41xxx.o(.text)
    __user_initial_stackheap                 0x080005d9   Thumb Code     0  startup_stm32f40_41xxx.o(.text)
    NVIC_PriorityGroupConfig                 0x080005fd   Thumb Code    10  misc.o(.text)
    NVIC_Init                                0x08000607   Thumb Code   106  misc.o(.text)
    NVIC_SetVectorTable                      0x08000671   Thumb Code    14  misc.o(.text)
    NVIC_SystemLPConfig                      0x0800067f   Thumb Code    34  misc.o(.text)
    SysTick_CLKSourceConfig                  0x080006a1   Thumb Code    40  misc.o(.text)
    GPIO_DeInit                              0x080006dd   Thumb Code   268  stm32f4xx_gpio.o(.text)
    GPIO_Init                                0x080007e9   Thumb Code   144  stm32f4xx_gpio.o(.text)
    GPIO_StructInit                          0x08000879   Thumb Code    18  stm32f4xx_gpio.o(.text)
    GPIO_PinLockConfig                       0x0800088b   Thumb Code    34  stm32f4xx_gpio.o(.text)
    GPIO_ReadInputDataBit                    0x080008ad   Thumb Code    18  stm32f4xx_gpio.o(.text)
    GPIO_ReadInputData                       0x080008bf   Thumb Code     8  stm32f4xx_gpio.o(.text)
    GPIO_ReadOutputDataBit                   0x080008c7   Thumb Code    18  stm32f4xx_gpio.o(.text)
    GPIO_ReadOutputData                      0x080008d9   Thumb Code     8  stm32f4xx_gpio.o(.text)
    GPIO_SetBits                             0x080008e1   Thumb Code     4  stm32f4xx_gpio.o(.text)
    GPIO_ResetBits                           0x080008e5   Thumb Code     4  stm32f4xx_gpio.o(.text)
    GPIO_WriteBit                            0x080008e9   Thumb Code    10  stm32f4xx_gpio.o(.text)
    GPIO_Write                               0x080008f3   Thumb Code     4  stm32f4xx_gpio.o(.text)
    GPIO_ToggleBits                          0x080008f7   Thumb Code     8  stm32f4xx_gpio.o(.text)
    GPIO_PinAFConfig                         0x080008ff   Thumb Code    70  stm32f4xx_gpio.o(.text)
    RCC_DeInit                               0x08000971   Thumb Code    82  stm32f4xx_rcc.o(.text)
    RCC_HSEConfig                            0x080009c3   Thumb Code    14  stm32f4xx_rcc.o(.text)
    RCC_GetFlagStatus                        0x080009d1   Thumb Code    60  stm32f4xx_rcc.o(.text)
    RCC_WaitForHSEStartUp                    0x08000a0d   Thumb Code    56  stm32f4xx_rcc.o(.text)
    RCC_AdjustHSICalibrationValue            0x08000a45   Thumb Code    20  stm32f4xx_rcc.o(.text)
    RCC_HSICmd                               0x08000a59   Thumb Code     6  stm32f4xx_rcc.o(.text)
    RCC_LSEConfig                            0x08000a5f   Thumb Code    46  stm32f4xx_rcc.o(.text)
    RCC_LSICmd                               0x08000a8d   Thumb Code     6  stm32f4xx_rcc.o(.text)
    RCC_PLLConfig                            0x08000a93   Thumb Code    32  stm32f4xx_rcc.o(.text)
    RCC_PLLCmd                               0x08000ab3   Thumb Code     6  stm32f4xx_rcc.o(.text)
    RCC_PLLI2SConfig                         0x08000ab9   Thumb Code    14  stm32f4xx_rcc.o(.text)
    RCC_PLLI2SCmd                            0x08000ac7   Thumb Code     6  stm32f4xx_rcc.o(.text)
    RCC_PLLSAIConfig                         0x08000acd   Thumb Code    20  stm32f4xx_rcc.o(.text)
    RCC_PLLSAICmd                            0x08000ae1   Thumb Code     6  stm32f4xx_rcc.o(.text)
    RCC_ClockSecuritySystemCmd               0x08000ae7   Thumb Code     6  stm32f4xx_rcc.o(.text)
    RCC_MCO1Config                           0x08000aed   Thumb Code    28  stm32f4xx_rcc.o(.text)
    RCC_MCO2Config                           0x08000b09   Thumb Code    28  stm32f4xx_rcc.o(.text)
    RCC_SYSCLKConfig                         0x08000b25   Thumb Code    20  stm32f4xx_rcc.o(.text)
    RCC_GetSYSCLKSource                      0x08000b39   Thumb Code    12  stm32f4xx_rcc.o(.text)
    RCC_HCLKConfig                           0x08000b45   Thumb Code    20  stm32f4xx_rcc.o(.text)
    RCC_PCLK1Config                          0x08000b59   Thumb Code    20  stm32f4xx_rcc.o(.text)
    RCC_PCLK2Config                          0x08000b6d   Thumb Code    22  stm32f4xx_rcc.o(.text)
    RCC_GetClocksFreq                        0x08000b83   Thumb Code   222  stm32f4xx_rcc.o(.text)
    RCC_RTCCLKConfig                         0x08000c61   Thumb Code    54  stm32f4xx_rcc.o(.text)
    RCC_RTCCLKCmd                            0x08000c97   Thumb Code     8  stm32f4xx_rcc.o(.text)
    RCC_BackupResetCmd                       0x08000c9f   Thumb Code     8  stm32f4xx_rcc.o(.text)
    RCC_I2SCLKConfig                         0x08000ca7   Thumb Code     6  stm32f4xx_rcc.o(.text)
    RCC_SAIPLLI2SClkDivConfig                0x08000cad   Thumb Code    26  stm32f4xx_rcc.o(.text)
    RCC_SAIPLLSAIClkDivConfig                0x08000cc7   Thumb Code    28  stm32f4xx_rcc.o(.text)
    RCC_SAIBlockACLKConfig                   0x08000ce3   Thumb Code    20  stm32f4xx_rcc.o(.text)
    RCC_SAIBlockBCLKConfig                   0x08000cf7   Thumb Code    20  stm32f4xx_rcc.o(.text)
    RCC_LTDCCLKDivConfig                     0x08000d0b   Thumb Code    20  stm32f4xx_rcc.o(.text)
    RCC_TIMCLKPresConfig                     0x08000d1f   Thumb Code     6  stm32f4xx_rcc.o(.text)
    RCC_AHB1PeriphClockCmd                   0x08000d25   Thumb Code    34  stm32f4xx_rcc.o(.text)
    RCC_AHB2PeriphClockCmd                   0x08000d47   Thumb Code    78  stm32f4xx_rcc.o(.text)
    RCC_AHB3PeriphClockCmd                   0x08000d95   Thumb Code    34  stm32f4xx_rcc.o(.text)
    RCC_APB1PeriphClockCmd                   0x08000db7   Thumb Code    34  stm32f4xx_rcc.o(.text)
    RCC_APB2PeriphClockCmd                   0x08000dd9   Thumb Code    34  stm32f4xx_rcc.o(.text)
    RCC_AHB1PeriphResetCmd                   0x08000dfb   Thumb Code    34  stm32f4xx_rcc.o(.text)
    RCC_AHB2PeriphResetCmd                   0x08000e1d   Thumb Code    34  stm32f4xx_rcc.o(.text)
    RCC_AHB3PeriphResetCmd                   0x08000e3f   Thumb Code    34  stm32f4xx_rcc.o(.text)
    RCC_APB1PeriphResetCmd                   0x08000e61   Thumb Code    34  stm32f4xx_rcc.o(.text)
    RCC_APB2PeriphResetCmd                   0x08000e83   Thumb Code    34  stm32f4xx_rcc.o(.text)
    RCC_AHB1PeriphClockLPModeCmd             0x08000ea5   Thumb Code    34  stm32f4xx_rcc.o(.text)
    RCC_AHB2PeriphClockLPModeCmd             0x08000ec7   Thumb Code    34  stm32f4xx_rcc.o(.text)
    RCC_AHB3PeriphClockLPModeCmd             0x08000ee9   Thumb Code    34  stm32f4xx_rcc.o(.text)
    RCC_APB1PeriphClockLPModeCmd             0x08000f0b   Thumb Code    34  stm32f4xx_rcc.o(.text)
    RCC_APB2PeriphClockLPModeCmd             0x08000f2d   Thumb Code    34  stm32f4xx_rcc.o(.text)
    RCC_LSEModeConfig                        0x08000f4f   Thumb Code    40  stm32f4xx_rcc.o(.text)
    RCC_ITConfig                             0x08000f77   Thumb Code    34  stm32f4xx_rcc.o(.text)
    RCC_ClearFlag                            0x08000f99   Thumb Code    18  stm32f4xx_rcc.o(.text)
    RCC_GetITStatus                          0x08000fab   Thumb Code    22  stm32f4xx_rcc.o(.text)
    RCC_ClearITPendingBit                    0x08000fc1   Thumb Code     8  stm32f4xx_rcc.o(.text)
    TIM_DeInit                               0x08000fcd   Thumb Code   346  stm32f4xx_tim.o(.text)
    TIM_TimeBaseInit                         0x08001127   Thumb Code   104  stm32f4xx_tim.o(.text)
    TIM_TimeBaseStructInit                   0x0800118f   Thumb Code    18  stm32f4xx_tim.o(.text)
    TIM_PrescalerConfig                      0x080011a1   Thumb Code     6  stm32f4xx_tim.o(.text)
    TIM_CounterModeConfig                    0x080011a7   Thumb Code    18  stm32f4xx_tim.o(.text)
    TIM_SetCounter                           0x080011b9   Thumb Code     4  stm32f4xx_tim.o(.text)
    TIM_SetAutoreload                        0x080011bd   Thumb Code     4  stm32f4xx_tim.o(.text)
    TIM_GetCounter                           0x080011c1   Thumb Code     6  stm32f4xx_tim.o(.text)
    TIM_GetPrescaler                         0x080011c7   Thumb Code     6  stm32f4xx_tim.o(.text)
    TIM_UpdateDisableConfig                  0x080011cd   Thumb Code    24  stm32f4xx_tim.o(.text)
    TIM_UpdateRequestConfig                  0x080011e5   Thumb Code    24  stm32f4xx_tim.o(.text)
    TIM_ARRPreloadConfig                     0x080011fd   Thumb Code    24  stm32f4xx_tim.o(.text)
    TIM_SelectOnePulseMode                   0x08001215   Thumb Code    18  stm32f4xx_tim.o(.text)
    TIM_SetClockDivision                     0x08001227   Thumb Code    18  stm32f4xx_tim.o(.text)
    TIM_Cmd                                  0x08001239   Thumb Code    24  stm32f4xx_tim.o(.text)
    TIM_OC1Init                              0x08001251   Thumb Code   114  stm32f4xx_tim.o(.text)
    TIM_OC2Init                              0x080012c3   Thumb Code   154  stm32f4xx_tim.o(.text)
    TIM_OC3Init                              0x0800135d   Thumb Code   204  stm32f4xx_tim.o(.text)
    TIM_OC4Init                              0x08001429   Thumb Code   112  stm32f4xx_tim.o(.text)
    TIM_OCStructInit                         0x08001499   Thumb Code    20  stm32f4xx_tim.o(.text)
    TIM_SelectOCxM                           0x080014ad   Thumb Code    86  stm32f4xx_tim.o(.text)
    TIM_SetCompare1                          0x08001503   Thumb Code     4  stm32f4xx_tim.o(.text)
    TIM_SetCompare2                          0x08001507   Thumb Code     4  stm32f4xx_tim.o(.text)
    TIM_SetCompare3                          0x0800150b   Thumb Code     4  stm32f4xx_tim.o(.text)
    TIM_SetCompare4                          0x0800150f   Thumb Code     4  stm32f4xx_tim.o(.text)
    TIM_ForcedOC1Config                      0x08001513   Thumb Code    18  stm32f4xx_tim.o(.text)
    TIM_ForcedOC2Config                      0x08001525   Thumb Code    26  stm32f4xx_tim.o(.text)
    TIM_ForcedOC3Config                      0x0800153f   Thumb Code    18  stm32f4xx_tim.o(.text)
    TIM_ForcedOC4Config                      0x08001551   Thumb Code    26  stm32f4xx_tim.o(.text)
    TIM_OC1PreloadConfig                     0x0800156b   Thumb Code    18  stm32f4xx_tim.o(.text)
    TIM_OC2PreloadConfig                     0x0800157d   Thumb Code    26  stm32f4xx_tim.o(.text)
    TIM_OC3PreloadConfig                     0x08001597   Thumb Code    18  stm32f4xx_tim.o(.text)
    TIM_OC4PreloadConfig                     0x080015a9   Thumb Code    26  stm32f4xx_tim.o(.text)
    TIM_OC1FastConfig                        0x080015c3   Thumb Code    18  stm32f4xx_tim.o(.text)
    TIM_OC2FastConfig                        0x080015d5   Thumb Code    26  stm32f4xx_tim.o(.text)
    TIM_OC3FastConfig                        0x080015ef   Thumb Code    18  stm32f4xx_tim.o(.text)
    TIM_OC4FastConfig                        0x08001601   Thumb Code    26  stm32f4xx_tim.o(.text)
    TIM_ClearOC1Ref                          0x0800161b   Thumb Code    18  stm32f4xx_tim.o(.text)
    TIM_ClearOC2Ref                          0x0800162d   Thumb Code    24  stm32f4xx_tim.o(.text)
    TIM_ClearOC3Ref                          0x08001645   Thumb Code    18  stm32f4xx_tim.o(.text)
    TIM_ClearOC4Ref                          0x08001657   Thumb Code    24  stm32f4xx_tim.o(.text)
    TIM_OC1PolarityConfig                    0x0800166f   Thumb Code    18  stm32f4xx_tim.o(.text)
    TIM_OC1NPolarityConfig                   0x08001681   Thumb Code    18  stm32f4xx_tim.o(.text)
    TIM_OC2PolarityConfig                    0x08001693   Thumb Code    26  stm32f4xx_tim.o(.text)
    TIM_OC2NPolarityConfig                   0x080016ad   Thumb Code    26  stm32f4xx_tim.o(.text)
    TIM_OC3PolarityConfig                    0x080016c7   Thumb Code    26  stm32f4xx_tim.o(.text)
    TIM_OC3NPolarityConfig                   0x080016e1   Thumb Code    26  stm32f4xx_tim.o(.text)
    TIM_OC4PolarityConfig                    0x080016fb   Thumb Code    26  stm32f4xx_tim.o(.text)
    TIM_CCxCmd                               0x08001715   Thumb Code    30  stm32f4xx_tim.o(.text)
    TIM_CCxNCmd                              0x08001733   Thumb Code    30  stm32f4xx_tim.o(.text)
    TIM_SetIC4Prescaler                      0x08001751   Thumb Code    26  stm32f4xx_tim.o(.text)
    TIM_SetIC3Prescaler                      0x080017bb   Thumb Code    18  stm32f4xx_tim.o(.text)
    TIM_SetIC2Prescaler                      0x08001815   Thumb Code    26  stm32f4xx_tim.o(.text)
    TIM_SetIC1Prescaler                      0x08001889   Thumb Code    18  stm32f4xx_tim.o(.text)
    TIM_ICInit                               0x080018d5   Thumb Code   110  stm32f4xx_tim.o(.text)
    TIM_ICStructInit                         0x08001943   Thumb Code    18  stm32f4xx_tim.o(.text)
    TIM_PWMIConfig                           0x08001955   Thumb Code   124  stm32f4xx_tim.o(.text)
    TIM_GetCapture1                          0x080019d1   Thumb Code     6  stm32f4xx_tim.o(.text)
    TIM_GetCapture2                          0x080019d7   Thumb Code     6  stm32f4xx_tim.o(.text)
    TIM_GetCapture3                          0x080019dd   Thumb Code     6  stm32f4xx_tim.o(.text)
    TIM_GetCapture4                          0x080019e3   Thumb Code     6  stm32f4xx_tim.o(.text)
    TIM_BDTRConfig                           0x080019e9   Thumb Code    32  stm32f4xx_tim.o(.text)
    TIM_BDTRStructInit                       0x08001a09   Thumb Code    18  stm32f4xx_tim.o(.text)
    TIM_CtrlPWMOutputs                       0x08001a1b   Thumb Code    30  stm32f4xx_tim.o(.text)
    TIM_SelectCOM                            0x08001a39   Thumb Code    24  stm32f4xx_tim.o(.text)
    TIM_CCPreloadControl                     0x08001a51   Thumb Code    24  stm32f4xx_tim.o(.text)
    TIM_ITConfig                             0x08001a69   Thumb Code    18  stm32f4xx_tim.o(.text)
    TIM_GenerateEvent                        0x08001a7b   Thumb Code     4  stm32f4xx_tim.o(.text)
    TIM_GetFlagStatus                        0x08001a7f   Thumb Code    18  stm32f4xx_tim.o(.text)
    TIM_ClearFlag                            0x08001a91   Thumb Code     6  stm32f4xx_tim.o(.text)
    TIM_GetITStatus                          0x08001a97   Thumb Code    34  stm32f4xx_tim.o(.text)
    TIM_ClearITPendingBit                    0x08001ab9   Thumb Code     6  stm32f4xx_tim.o(.text)
    TIM_DMAConfig                            0x08001abf   Thumb Code    10  stm32f4xx_tim.o(.text)
    TIM_DMACmd                               0x08001ac9   Thumb Code    18  stm32f4xx_tim.o(.text)
    TIM_SelectCCDMA                          0x08001adb   Thumb Code    24  stm32f4xx_tim.o(.text)
    TIM_InternalClockConfig                  0x08001af3   Thumb Code    12  stm32f4xx_tim.o(.text)
    TIM_SelectInputTrigger                   0x08001aff   Thumb Code    18  stm32f4xx_tim.o(.text)
    TIM_ITRxExternalClockConfig              0x08001b11   Thumb Code    24  stm32f4xx_tim.o(.text)
    TIM_TIxExternalClockConfig               0x08001b29   Thumb Code    62  stm32f4xx_tim.o(.text)
    TIM_ETRConfig                            0x08001b67   Thumb Code    28  stm32f4xx_tim.o(.text)
    TIM_ETRClockMode1Config                  0x08001b83   Thumb Code    54  stm32f4xx_tim.o(.text)
    TIM_ETRClockMode2Config                  0x08001bb9   Thumb Code    32  stm32f4xx_tim.o(.text)
    TIM_SelectOutputTrigger                  0x08001bd9   Thumb Code    18  stm32f4xx_tim.o(.text)
    TIM_SelectSlaveMode                      0x08001beb   Thumb Code    18  stm32f4xx_tim.o(.text)
    TIM_SelectMasterSlaveMode                0x08001bfd   Thumb Code    18  stm32f4xx_tim.o(.text)
    TIM_EncoderInterfaceConfig               0x08001c0f   Thumb Code    66  stm32f4xx_tim.o(.text)
    TIM_SelectHallSensor                     0x08001c51   Thumb Code    24  stm32f4xx_tim.o(.text)
    TIM_RemapConfig                          0x08001c69   Thumb Code     6  stm32f4xx_tim.o(.text)
    USART_DeInit                             0x08001c71   Thumb Code   206  stm32f4xx_usart.o(.text)
    USART_Init                               0x08001d3f   Thumb Code   204  stm32f4xx_usart.o(.text)
    USART_StructInit                         0x08001e0b   Thumb Code    24  stm32f4xx_usart.o(.text)
    USART_ClockInit                          0x08001e23   Thumb Code    32  stm32f4xx_usart.o(.text)
    USART_ClockStructInit                    0x08001e43   Thumb Code    12  stm32f4xx_usart.o(.text)
    USART_Cmd                                0x08001e4f   Thumb Code    24  stm32f4xx_usart.o(.text)
    USART_SetPrescaler                       0x08001e67   Thumb Code    16  stm32f4xx_usart.o(.text)
    USART_OverSampling8Cmd                   0x08001e77   Thumb Code    22  stm32f4xx_usart.o(.text)
    USART_OneBitMethodCmd                    0x08001e8d   Thumb Code    24  stm32f4xx_usart.o(.text)
    USART_SendData                           0x08001ea5   Thumb Code     8  stm32f4xx_usart.o(.text)
    USART_ReceiveData                        0x08001ead   Thumb Code    10  stm32f4xx_usart.o(.text)
    USART_SetAddress                         0x08001eb7   Thumb Code    18  stm32f4xx_usart.o(.text)
    USART_ReceiverWakeUpCmd                  0x08001ec9   Thumb Code    24  stm32f4xx_usart.o(.text)
    USART_WakeUpConfig                       0x08001ee1   Thumb Code    18  stm32f4xx_usart.o(.text)
    USART_LINBreakDetectLengthConfig         0x08001ef3   Thumb Code    18  stm32f4xx_usart.o(.text)
    USART_LINCmd                             0x08001f05   Thumb Code    24  stm32f4xx_usart.o(.text)
    USART_SendBreak                          0x08001f1d   Thumb Code    10  stm32f4xx_usart.o(.text)
    USART_HalfDuplexCmd                      0x08001f27   Thumb Code    24  stm32f4xx_usart.o(.text)
    USART_SetGuardTime                       0x08001f3f   Thumb Code    16  stm32f4xx_usart.o(.text)
    USART_SmartCardCmd                       0x08001f4f   Thumb Code    24  stm32f4xx_usart.o(.text)
    USART_SmartCardNACKCmd                   0x08001f67   Thumb Code    24  stm32f4xx_usart.o(.text)
    USART_IrDAConfig                         0x08001f7f   Thumb Code    18  stm32f4xx_usart.o(.text)
    USART_IrDACmd                            0x08001f91   Thumb Code    24  stm32f4xx_usart.o(.text)
    USART_DMACmd                             0x08001fa9   Thumb Code    18  stm32f4xx_usart.o(.text)
    USART_ITConfig                           0x08001fbb   Thumb Code    74  stm32f4xx_usart.o(.text)
    USART_GetFlagStatus                      0x08002005   Thumb Code    26  stm32f4xx_usart.o(.text)
    USART_ClearFlag                          0x0800201f   Thumb Code    18  stm32f4xx_usart.o(.text)
    USART_GetITStatus                        0x08002031   Thumb Code   118  stm32f4xx_usart.o(.text)
    USART_ClearITPendingBit                  0x080020a7   Thumb Code    30  stm32f4xx_usart.o(.text)
    delay_init                               0x080020c5   Thumb Code    52  delay.o(.text)
    delay_us                                 0x080020f9   Thumb Code    72  delay.o(.text)
    delay_xms                                0x08002141   Thumb Code    72  delay.o(.text)
    delay_ms                                 0x08002189   Thumb Code    56  delay.o(.text)
    _sys_exit                                0x080021c9   Thumb Code     4  usart.o(.text)
    fputc                                    0x080021cd   Thumb Code    82  usart.o(.text)
    Uart1_Init                               0x0800221f   Thumb Code   164  usart.o(.text)
    USART1_IRQHandler                        0x080022c3   Thumb Code   140  usart.o(.text)
    Uart3_Init                               0x0800234f   Thumb Code   124  usart.o(.text)
    USART3_IRQHandler                        0x080023cb   Thumb Code     2  usart.o(.text)
    Voice_Send                               0x080023cd   Thumb Code   180  usart.o(.text)
    Uart2_Init                               0x08002481   Thumb Code   162  usart.o(.text)
    USART2_IRQHandler                        0x08002523   Thumb Code   280  usart.o(.text)
    UART_PutChar                             0x0800263b   Thumb Code    38  usart.o(.text)
    UART_PutStr                              0x08002661   Thumb Code    26  usart.o(.text)
    sendbuf                                  0x0800267b   Thumb Code    44  usart.o(.text)
    variate_Init                             0x080026b5   Thumb Code    32  variate.o(.text)
    Init                                     0x080026d5   Thumb Code   124  variate.o(.text)
    Scan                                     0x08002751   Thumb Code    12  variate.o(.text)
    Go_Step                                  0x0800275d   Thumb Code    32  variate.o(.text)
    Next_Step                                0x0800277d   Thumb Code    60  variate.o(.text)
    Next_Step_platform                       0x080027b9   Thumb Code    48  variate.o(.text)
    Go_Step_platform                         0x080027e9   Thumb Code    26  variate.o(.text)
    Next_Step_circle                         0x08002803   Thumb Code    48  variate.o(.text)
    Go_Step_circle                           0x08002833   Thumb Code    26  variate.o(.text)
    Next_Step_high_profile                   0x0800284d   Thumb Code    48  variate.o(.text)
    Go_Step_high_profile                     0x0800287d   Thumb Code    26  variate.o(.text)
    Start                                    0x08002897   Thumb Code    86  variate.o(.text)
    Servo_plat                               0x080028ed   Thumb Code    50  variate.o(.text)
    go_platform2                             0x0800291f   Thumb Code   564  variate.o(.text)
    Servo_platform                           0x08002b53   Thumb Code    66  variate.o(.text)
    go_platform3                             0x08002b95   Thumb Code   860  variate.o(.text)
    go_platform4                             0x08002ef1   Thumb Code   802  variate.o(.text)
    go_platform5                             0x08003213   Thumb Code   854  variate.o(.text)
    Servo_circle                             0x08003569   Thumb Code    66  variate.o(.text)
    circle                                   0x080035ab   Thumb Code  1746  variate.o(.text)
    Servo_high                               0x08003c7d   Thumb Code    66  variate.o(.text)
    high_profile                             0x08003cbf   Thumb Code   848  variate.o(.text)
    Servo                                    0x0800400f   Thumb Code    66  variate.o(.text)
    Servo_scene                              0x08004051   Thumb Code    28  variate.o(.text)
    Servo_return                             0x0800406d   Thumb Code    28  variate.o(.text)
    KEY_Init                                 0x08004091   Thumb Code   110  key.o(.text)
    KEY_Scan                                 0x080040ff   Thumb Code   184  key.o(.text)
    Key_Scan                                 0x080041b7   Thumb Code    98  key.o(.text)
    LED_Init                                 0x0800422d   Thumb Code    60  led.o(.text)
    Motor_Init                               0x0800426d   Thumb Code    94  motor.o(.text)
    Motor_Left                               0x080042cb   Thumb Code    80  motor.o(.text)
    Motor_Right                              0x0800431b   Thumb Code    80  motor.o(.text)
    Stop                                     0x0800436b   Thumb Code    16  motor.o(.text)
    Go_Blind                                 0x0800437b   Thumb Code    36  motor.o(.text)
    Back_Blind                               0x0800439f   Thumb Code    36  motor.o(.text)
    Turn                                     0x080043c3   Thumb Code   122  motor.o(.text)
    zuozhuan                                 0x0800443d   Thumb Code   736  motor.o(.text)
    zuozhuan_po                              0x0800471d   Thumb Code   696  motor.o(.text)
    zuozhuan_di                              0x080049d5   Thumb Code   718  motor.o(.text)
    zuozhuan_platform                        0x08004ca3   Thumb Code   726  motor.o(.text)
    zuozhuan_high_profile                    0x08004f79   Thumb Code   690  motor.o(.text)
    zuozhuan_circle                          0x0800522b   Thumb Code   726  motor.o(.text)
    youzhuan                                 0x08005501   Thumb Code   808  motor.o(.text)
    youzhuan_di                              0x08005829   Thumb Code   786  motor.o(.text)
    youzhuan_po                              0x08005b3b   Thumb Code   772  motor.o(.text)
    TIM4_Init                                0x08005e5d   Thumb Code    90  timer.o(.text)
    TIM4_IRQHandler                          0x08005eb7   Thumb Code   146  timer.o(.text)
    PWM_Init                                 0x08005f49   Thumb Code   166  timer.o(.text)
    Servo111_Init                            0x08005fef   Thumb Code   240  timer.o(.text)
    OLED_WR_Byte                             0x0800611d   Thumb Code    84  oled.o(.text)
    OLED_Refresh_Gram                        0x08006171   Thumb Code    70  oled.o(.text)
    OLED_Display_On                          0x080061b7   Thumb Code    28  oled.o(.text)
    OLED_Display_Off                         0x080061d3   Thumb Code    28  oled.o(.text)
    OLED_Clear                               0x080061ef   Thumb Code    42  oled.o(.text)
    OLED_DrawPoint                           0x08006219   Thumb Code   100  oled.o(.text)
    OLED_Fill                                0x0800627d   Thumb Code    58  oled.o(.text)
    OLED_ShowChar                            0x080062b7   Thumb Code   254  oled.o(.text)
    mypow                                    0x080063b5   Thumb Code    22  oled.o(.text)
    OLED_ShowNum                             0x080063cb   Thumb Code   148  oled.o(.text)
    OLED_ShowString                          0x0800645f   Thumb Code    94  oled.o(.text)
    OLED_Init                                0x080064bd   Thumb Code   352  oled.o(.text)
    oled_Page1                               0x0800661d   Thumb Code   362  oled.o(.text)
    oled_Page2                               0x08006787   Thumb Code   310  oled.o(.text)
    oled_show                                0x080068bd   Thumb Code    40  oled.o(.text)
    GRAY_Init                                0x08006939   Thumb Code   184  gray.o(.text)
    Gray_Scan                                0x080069f1   Thumb Code   394  gray.o(.text)
    PID_Init                                 0x08006b95   Thumb Code    52  pid.o(.text)
    Pid_Calc                                 0x08006bc9   Thumb Code   254  pid.o(.text)
    Pid_Calc1                                0x08006cc7   Thumb Code   214  pid.o(.text)
    panduan                                  0x08006d9d   Thumb Code  2620  pid.o(.text)
    speed                                    0x080077d9   Thumb Code   742  pid.o(.text)
    line                                     0x08007abf   Thumb Code    60  pid.o(.text)
    pid_zhixian                              0x08007afb   Thumb Code    20  pid.o(.text)
    pid_circle                               0x08007b0f   Thumb Code    20  pid.o(.text)
    GYRO_Init                                0x08007ba1   Thumb Code     8  gyro.o(.text)
    GYRO_Calc                                0x08007ba9   Thumb Code   252  gyro.o(.text)
    __use_no_semihosting                     0x08007cb9   Thumb Code     2  use_no_semi_2.o(.text)
    __use_two_region_memory                  0x08007cbb   Thumb Code     2  heapauxi.o(.text)
    __rt_heap_escrow$2region                 0x08007cbd   Thumb Code     2  heapauxi.o(.text)
    __rt_heap_expand$2region                 0x08007cbf   Thumb Code     2  heapauxi.o(.text)
    __I$use$semihosting                      0x08007cc1   Thumb Code     0  use_no_semi.o(.text)
    __use_no_semihosting_swi                 0x08007cc1   Thumb Code     2  use_no_semi.o(.text)
    __read_errno                             0x08007cc3   Thumb Code    10  _rserrno.o(.text)
    __set_errno                              0x08007ccd   Thumb Code    12  _rserrno.o(.text)
    __aeabi_errno_addr                       0x08007cd9   Thumb Code     8  rt_errno_addr_intlibspace.o(.text)
    __errno$intlibspace                      0x08007cd9   Thumb Code     0  rt_errno_addr_intlibspace.o(.text)
    __rt_errno_addr$intlibspace              0x08007cd9   Thumb Code     0  rt_errno_addr_intlibspace.o(.text)
    __user_libspace                          0x08007ce1   Thumb Code     8  libspace.o(.text)
    __user_perproc_libspace                  0x08007ce1   Thumb Code     0  libspace.o(.text)
    __user_perthread_libspace                0x08007ce1   Thumb Code     0  libspace.o(.text)
    __user_setup_stackheap                   0x08007ce9   Thumb Code    74  sys_stackheap_outer.o(.text)
    exit                                     0x08007d33   Thumb Code    18  exit.o(.text)
    __ARM_fpclassify                         0x08007d45   Thumb Code    48  fpclassify.o(i.__ARM_fpclassify)
    __hardfp_pow                             0x08007d79   Thumb Code  3072  pow.o(i.__hardfp_pow)
    __kernel_poly                            0x080089c9   Thumb Code   248  poly.o(i.__kernel_poly)
    __mathlib_dbl_divzero                    0x08008ac1   Thumb Code    28  dunder.o(i.__mathlib_dbl_divzero)
    __mathlib_dbl_infnan2                    0x08008af1   Thumb Code    20  dunder.o(i.__mathlib_dbl_infnan2)
    __mathlib_dbl_invalid                    0x08008b09   Thumb Code    24  dunder.o(i.__mathlib_dbl_invalid)
    __mathlib_dbl_overflow                   0x08008b29   Thumb Code    24  dunder.o(i.__mathlib_dbl_overflow)
    __mathlib_dbl_underflow                  0x08008b49   Thumb Code    24  dunder.o(i.__mathlib_dbl_underflow)
    fabs                                     0x08008b69   Thumb Code    24  fabs.o(i.fabs)
    sqrt                                     0x08008b81   Thumb Code   110  sqrt.o(i.sqrt)
    __aeabi_dneg                             0x08008bef   Thumb Code     0  basic.o(x$fpl$basic)
    _dneg                                    0x08008bef   Thumb Code     6  basic.o(x$fpl$basic)
    __aeabi_fneg                             0x08008bf5   Thumb Code     0  basic.o(x$fpl$basic)
    _fneg                                    0x08008bf5   Thumb Code     6  basic.o(x$fpl$basic)
    _dabs                                    0x08008bfb   Thumb Code     6  basic.o(x$fpl$basic)
    _fabs                                    0x08008c01   Thumb Code     6  basic.o(x$fpl$basic)
    __aeabi_dadd                             0x08008c09   Thumb Code     0  daddsub_clz.o(x$fpl$dadd)
    _dadd                                    0x08008c09   Thumb Code   332  daddsub_clz.o(x$fpl$dadd)
    __fpl_dcheck_NaN1                        0x08008d59   Thumb Code    10  dcheck1.o(x$fpl$dcheck1)
    __fpl_dcmp_Inf                           0x08008d69   Thumb Code    24  dcmpi.o(x$fpl$dcmpinf)
    __aeabi_ddiv                             0x08008d81   Thumb Code     0  ddiv.o(x$fpl$ddiv)
    _ddiv                                    0x08008d81   Thumb Code   552  ddiv.o(x$fpl$ddiv)
    __aeabi_d2iz                             0x08009031   Thumb Code     0  dfix.o(x$fpl$dfix)
    _dfix                                    0x08009031   Thumb Code    94  dfix.o(x$fpl$dfix)
    __aeabi_i2d                              0x0800908f   Thumb Code     0  dflt_clz.o(x$fpl$dflt)
    _dflt                                    0x0800908f   Thumb Code    46  dflt_clz.o(x$fpl$dflt)
    __aeabi_cdcmple                          0x080090bd   Thumb Code     0  dleqf.o(x$fpl$dleqf)
    _dcmple                                  0x080090bd   Thumb Code   120  dleqf.o(x$fpl$dleqf)
    __fpl_dcmple_InfNaN                      0x0800911f   Thumb Code     0  dleqf.o(x$fpl$dleqf)
    __aeabi_dmul                             0x08009135   Thumb Code     0  dmul.o(x$fpl$dmul)
    _dmul                                    0x08009135   Thumb Code   332  dmul.o(x$fpl$dmul)
    __fpl_dnaninf                            0x08009289   Thumb Code   156  dnaninf.o(x$fpl$dnaninf)
    __fpl_dretinf                            0x08009325   Thumb Code    12  dretinf.o(x$fpl$dretinf)
    __aeabi_cdrcmple                         0x08009331   Thumb Code     0  drleqf.o(x$fpl$drleqf)
    _drcmple                                 0x08009331   Thumb Code   108  drleqf.o(x$fpl$drleqf)
    __aeabi_drsub                            0x0800939d   Thumb Code     0  daddsub_clz.o(x$fpl$drsb)
    _drsb                                    0x0800939d   Thumb Code    22  daddsub_clz.o(x$fpl$drsb)
    _dsqrt                                   0x080093b5   Thumb Code   404  dsqrt_umaal.o(x$fpl$dsqrt)
    __aeabi_dsub                             0x0800954d   Thumb Code     0  daddsub_clz.o(x$fpl$dsub)
    _dsub                                    0x0800954d   Thumb Code   464  daddsub_clz.o(x$fpl$dsub)
    _fp_init                                 0x08009721   Thumb Code    10  fpinit.o(x$fpl$fpinit)
    __fplib_config_fpu_vfp                   0x08009729   Thumb Code     0  fpinit.o(x$fpl$fpinit)
    __fplib_config_pureend_doubles           0x08009729   Thumb Code     0  fpinit.o(x$fpl$fpinit)
    __fpl_return_NaN                         0x0800972b   Thumb Code   100  retnan.o(x$fpl$retnan)
    __ARM_scalbn                             0x0800978f   Thumb Code    92  scalbn.o(x$fpl$scalbn)
    __fpl_cmpreturn                          0x080097eb   Thumb Code    48  trapv.o(x$fpl$trapveneer)
    __I$use$fp                               0x0800981a   Number         0  usenofp.o(x$fpl$usenofp)
    asc2_1206                                0x0800981a   Data        1140  oled.o(.constdata)
    asc2_1608                                0x08009c8e   Data        1520  oled.o(.constdata)
    asc2_2412                                0x0800a27e   Data        3420  oled.o(.constdata)
    __mathlib_zero                           0x0800b068   Data           8  qnan.o(.constdata)
    Region$$Table$$Base                      0x0800b070   Number         0  anon$$obj.o(Region$$Table)
    Region$$Table$$Limit                     0x0800b090   Number         0  anon$$obj.o(Region$$Table)
    SystemCoreClock                          0x20000000   Data           4  system_stm32f4xx.o(.data)
    AHBPrescTable                            0x20000004   Data          16  system_stm32f4xx.o(.data)
    time_int_flag                            0x20000014   Data           4  main.o(.data)
    lukou_bz                                 0x20000018   Data           4  main.o(.data)
    lukour_bz                                0x2000001c   Data           4  main.o(.data)
    lukouqr_bz                               0x20000020   Data           4  main.o(.data)
    lukouql_bz                               0x20000024   Data           4  main.o(.data)
    counter                                  0x2000003c   Data           1  usart.o(.data)
    ucStra                                   0x2000003d   Data           6  usart.o(.data)
    ucStrw                                   0x20000043   Data           6  usart.o(.data)
    ucStrAngle                               0x20000049   Data           6  usart.o(.data)
    cr                                       0x2000004f   Data           1  usart.o(.data)
    cl                                       0x20000050   Data           1  usart.o(.data)
    cj                                       0x20000051   Data           1  usart.o(.data)
    temp_0                                   0x20000052   Data           1  usart.o(.data)
    temp_1                                   0x20000053   Data           1  usart.o(.data)
    sxt                                      0x20000054   Data           1  usart.o(.data)
    x                                        0x20000058   Data           4  usart.o(.data)
    y                                        0x2000005c   Data           4  usart.o(.data)
    rxbuf                                    0x20000060   Data           4  usart.o(.data)
    addressflag                              0x20000064   Data           4  usart.o(.data)
    t                                        0x20000068   Data           1  usart.o(.data)
    m                                        0x2000006a   Data           2  usart.o(.data)
    rx_cnt                                   0x2000006c   Data           2  usart.o(.data)
    tx_buf                                   0x2000006e   Data           2  usart.o(.data)
    len                                      0x20000070   Data           2  usart.o(.data)
    num                                      0x20000074   Data           4  usart.o(.data)
    ii                                       0x20000078   Data           2  usart.o(.data)
    get_image_bz                             0x2000007c   Data           4  usart.o(.data)
    __stdout                                 0x20000080   Data           4  usart.o(.data)
    USART_RX_STA                             0x20000084   Data           2  usart.o(.data)
    USART2_RX_STA                            0x20000086   Data           2  usart.o(.data)
    pwm_val_left                             0x20000088   Data           2  variate.o(.data)
    pwm_val_right                            0x2000008a   Data           2  variate.o(.data)
    tx1                                      0x2000008c   Data          10  variate.o(.data)
    tx2                                      0x20000096   Data          10  variate.o(.data)
    A1                                       0x200000a4   Data           4  motor.o(.data)
    A2                                       0x200000a8   Data           4  motor.o(.data)
    A3                                       0x200000ac   Data           4  motor.o(.data)
    A4                                       0x200000b0   Data           4  motor.o(.data)
    A5                                       0x200000b4   Data           4  motor.o(.data)
    A6                                       0x200000b8   Data           4  motor.o(.data)
    pp                                       0x200000bc   Data           4  pid.o(.data)
    kk                                       0x200000c0   Data           4  pid.o(.data)
    pp1                                      0x200000c4   Data           4  pid.o(.data)
    pp2                                      0x200000c8   Data           4  pid.o(.data)
    k                                        0x200000cc   Data           4  pid.o(.data)
    j                                        0x200000d0   Data           4  pid.o(.data)
    indef                                    0x200000d4   Data           4  pid.o(.data)
    pd                                       0x200000d8   Data           4  pid.o(.data)
    late                                     0x200000dc   Data           4  pid.o(.data)
    zxkg                                     0x200000e0   Data           4  pid.o(.data)
    mangzou_bz                               0x200000e4   Data           4  pid.o(.data)
    pwm1                                     0x200000e8   Data           4  pid.o(.data)
    pwm2                                     0x200000ec   Data           4  pid.o(.data)
    Re_buf                                   0x200000f0   Data          11  usart.o(.bss)
    rub                                      0x200000fb   Data          10  usart.o(.bss)
    rubb                                     0x20000108   Data        1024  usart.o(.bss)
    USART_RX_BUF                             0x20000508   Data         200  usart.o(.bss)
    USART2_RX_BUF                            0x200005d0   Data         200  usart.o(.bss)
    Tim                                      0x20000698   Data          12  variate.o(.bss)
    Flag                                     0x200006a4   Data         124  variate.o(.bss)
    Pid                                      0x20000720   Data          64  variate.o(.bss)
    OLED_GRAM                                0x20000760   Data        1024  oled.o(.bss)
    Gray                                     0x20000b60   Data          10  gray.o(.bss)
    HouGray                                  0x20000b6a   Data          10  gray.o(.bss)
    i1                                       0x20000b74   Data          32  pid.o(.bss)
    i                                        0x20000b94   Data          32  pid.o(.bss)
    temp1                                    0x20000bb4   Data          32  pid.o(.bss)
    temp                                     0x20000bd4   Data          32  pid.o(.bss)
    lates                                    0x20000bf4   Data          32  pid.o(.bss)
    gyro                                     0x20000c14   Data          20  gyro.o(.bss)
    __libspace_start                         0x20000c28   Data          96  libspace.o(.bss)
    __temporary_stack_top$libspace           0x20000c88   Data           0  libspace.o(.bss)



==============================================================================

Memory Map of the image

  Image Entry point : 0x08000189

  Load Region LR_IROM1 (Base: 0x08000000, Size: 0x0000b180, Max: 0x00100000, ABSOLUTE)

    Execution Region ER_IROM1 (Exec base: 0x08000000, Load base: 0x08000000, Size: 0x0000b090, Max: 0x00100000, ABSOLUTE)

    Exec Addr    Load Addr    Size         Type   Attr      Idx    E Section Name        Object

    0x08000000   0x08000000   0x00000188   Data   RO          333    RESET               startup_stm32f40_41xxx.o
    0x08000188   0x08000188   0x00000008   Code   RO          870  * !!!main             c_w.l(__main.o)
    0x08000190   0x08000190   0x00000034   Code   RO         1130    !!!scatter          c_w.l(__scatter.o)
    0x080001c4   0x080001c4   0x0000001a   Code   RO         1132    !!handler_copy      c_w.l(__scatter_copy.o)
    0x080001de   0x080001de   0x00000002   PAD
    0x080001e0   0x080001e0   0x0000001c   Code   RO         1134    !!handler_zi        c_w.l(__scatter_zi.o)
    0x080001fc   0x080001fc   0x00000002   Code   RO          999    .ARM.Collect$$libinit$$00000000  c_w.l(libinit.o)
    0x080001fe   0x080001fe   0x00000004   Code   RO         1006    .ARM.Collect$$libinit$$00000001  c_w.l(libinit2.o)
    0x08000202   0x08000202   0x00000000   Code   RO         1009    .ARM.Collect$$libinit$$00000004  c_w.l(libinit2.o)
    0x08000202   0x08000202   0x00000000   Code   RO         1012    .ARM.Collect$$libinit$$0000000A  c_w.l(libinit2.o)
    0x08000202   0x08000202   0x00000000   Code   RO         1014    .ARM.Collect$$libinit$$0000000C  c_w.l(libinit2.o)
    0x08000202   0x08000202   0x00000000   Code   RO         1016    .ARM.Collect$$libinit$$0000000E  c_w.l(libinit2.o)
    0x08000202   0x08000202   0x00000000   Code   RO         1019    .ARM.Collect$$libinit$$00000011  c_w.l(libinit2.o)
    0x08000202   0x08000202   0x00000000   Code   RO         1021    .ARM.Collect$$libinit$$00000013  c_w.l(libinit2.o)
    0x08000202   0x08000202   0x00000000   Code   RO         1023    .ARM.Collect$$libinit$$00000015  c_w.l(libinit2.o)
    0x08000202   0x08000202   0x00000000   Code   RO         1025    .ARM.Collect$$libinit$$00000017  c_w.l(libinit2.o)
    0x08000202   0x08000202   0x00000000   Code   RO         1027    .ARM.Collect$$libinit$$00000019  c_w.l(libinit2.o)
    0x08000202   0x08000202   0x00000000   Code   RO         1029    .ARM.Collect$$libinit$$0000001B  c_w.l(libinit2.o)
    0x08000202   0x08000202   0x00000000   Code   RO         1031    .ARM.Collect$$libinit$$0000001D  c_w.l(libinit2.o)
    0x08000202   0x08000202   0x00000000   Code   RO         1033    .ARM.Collect$$libinit$$0000001F  c_w.l(libinit2.o)
    0x08000202   0x08000202   0x00000000   Code   RO         1035    .ARM.Collect$$libinit$$00000021  c_w.l(libinit2.o)
    0x08000202   0x08000202   0x00000000   Code   RO         1037    .ARM.Collect$$libinit$$00000023  c_w.l(libinit2.o)
    0x08000202   0x08000202   0x00000000   Code   RO         1039    .ARM.Collect$$libinit$$00000025  c_w.l(libinit2.o)
    0x08000202   0x08000202   0x00000000   Code   RO         1043    .ARM.Collect$$libinit$$0000002C  c_w.l(libinit2.o)
    0x08000202   0x08000202   0x00000000   Code   RO         1045    .ARM.Collect$$libinit$$0000002E  c_w.l(libinit2.o)
    0x08000202   0x08000202   0x00000000   Code   RO         1047    .ARM.Collect$$libinit$$00000030  c_w.l(libinit2.o)
    0x08000202   0x08000202   0x00000000   Code   RO         1049    .ARM.Collect$$libinit$$00000032  c_w.l(libinit2.o)
    0x08000202   0x08000202   0x00000002   Code   RO         1050    .ARM.Collect$$libinit$$00000033  c_w.l(libinit2.o)
    0x08000204   0x08000204   0x00000002   Code   RO         1070    .ARM.Collect$$libshutdown$$00000000  c_w.l(libshutdown.o)
    0x08000206   0x08000206   0x00000000   Code   RO         1080    .ARM.Collect$$libshutdown$$00000002  c_w.l(libshutdown2.o)
    0x08000206   0x08000206   0x00000000   Code   RO         1082    .ARM.Collect$$libshutdown$$00000004  c_w.l(libshutdown2.o)
    0x08000206   0x08000206   0x00000000   Code   RO         1084    .ARM.Collect$$libshutdown$$00000006  c_w.l(libshutdown2.o)
    0x08000206   0x08000206   0x00000000   Code   RO         1087    .ARM.Collect$$libshutdown$$00000009  c_w.l(libshutdown2.o)
    0x08000206   0x08000206   0x00000000   Code   RO         1090    .ARM.Collect$$libshutdown$$0000000C  c_w.l(libshutdown2.o)
    0x08000206   0x08000206   0x00000000   Code   RO         1092    .ARM.Collect$$libshutdown$$0000000E  c_w.l(libshutdown2.o)
    0x08000206   0x08000206   0x00000000   Code   RO         1095    .ARM.Collect$$libshutdown$$00000011  c_w.l(libshutdown2.o)
    0x08000206   0x08000206   0x00000002   Code   RO         1096    .ARM.Collect$$libshutdown$$00000012  c_w.l(libshutdown2.o)
    0x08000208   0x08000208   0x00000000   Code   RO          910    .ARM.Collect$$rtentry$$00000000  c_w.l(__rtentry.o)
    0x08000208   0x08000208   0x00000000   Code   RO          962    .ARM.Collect$$rtentry$$00000002  c_w.l(__rtentry2.o)
    0x08000208   0x08000208   0x00000006   Code   RO          974    .ARM.Collect$$rtentry$$00000004  c_w.l(__rtentry4.o)
    0x0800020e   0x0800020e   0x00000000   Code   RO          964    .ARM.Collect$$rtentry$$00000009  c_w.l(__rtentry2.o)
    0x0800020e   0x0800020e   0x00000004   Code   RO          965    .ARM.Collect$$rtentry$$0000000A  c_w.l(__rtentry2.o)
    0x08000212   0x08000212   0x00000000   Code   RO          967    .ARM.Collect$$rtentry$$0000000C  c_w.l(__rtentry2.o)
    0x08000212   0x08000212   0x00000008   Code   RO          968    .ARM.Collect$$rtentry$$0000000D  c_w.l(__rtentry2.o)
    0x0800021a   0x0800021a   0x00000002   Code   RO         1004    .ARM.Collect$$rtexit$$00000000  c_w.l(rtexit.o)
    0x0800021c   0x0800021c   0x00000000   Code   RO         1054    .ARM.Collect$$rtexit$$00000002  c_w.l(rtexit2.o)
    0x0800021c   0x0800021c   0x00000004   Code   RO         1055    .ARM.Collect$$rtexit$$00000003  c_w.l(rtexit2.o)
    0x08000220   0x08000220   0x00000006   Code   RO         1056    .ARM.Collect$$rtexit$$00000004  c_w.l(rtexit2.o)
    0x08000226   0x08000226   0x00000002   PAD
    0x08000228   0x08000228   0x00000210   Code   RO            3    .text               system_stm32f4xx.o
    0x08000438   0x08000438   0x00000168   Code   RO          132    .text               main.o
    0x080005a0   0x080005a0   0x0000001a   Code   RO          306    .text               stm32f4xx_it.o
    0x080005ba   0x080005ba   0x00000002   PAD
    0x080005bc   0x080005bc   0x00000040   Code   RO          334    .text               startup_stm32f40_41xxx.o
    0x080005fc   0x080005fc   0x000000e0   Code   RO          340    .text               misc.o
    0x080006dc   0x080006dc   0x00000294   Code   RO          386    .text               stm32f4xx_gpio.o
    0x08000970   0x08000970   0x0000065c   Code   RO          406    .text               stm32f4xx_rcc.o
    0x08000fcc   0x08000fcc   0x00000ca2   Code   RO          448    .text               stm32f4xx_tim.o
    0x08001c6e   0x08001c6e   0x00000002   PAD
    0x08001c70   0x08001c70   0x00000454   Code   RO          468    .text               stm32f4xx_usart.o
    0x080020c4   0x080020c4   0x00000104   Code   RO          509    .text               delay.o
    0x080021c8   0x080021c8   0x000004ec   Code   RO          534    .text               usart.o
    0x080026b4   0x080026b4   0x000019dc   Code   RO          604    .text               variate.o
    0x08004090   0x08004090   0x0000019c   Code   RO          637    .text               key.o
    0x0800422c   0x0800422c   0x00000040   Code   RO          659    .text               led.o
    0x0800426c   0x0800426c   0x00001bf0   Code   RO          679    .text               motor.o
    0x08005e5c   0x08005e5c   0x000002c0   Code   RO          703    .text               timer.o
    0x0800611c   0x0800611c   0x0000081c   Code   RO          757    .text               oled.o
    0x08006938   0x08006938   0x0000025c   Code   RO          792    .text               gray.o
    0x08006b94   0x08006b94   0x0000100c   Code   RO          815    .text               pid.o
    0x08007ba0   0x08007ba0   0x00000118   Code   RO          840    .text               gyro.o
    0x08007cb8   0x08007cb8   0x00000002   Code   RO          866    .text               c_w.l(use_no_semi_2.o)
    0x08007cba   0x08007cba   0x00000006   Code   RO          868    .text               c_w.l(heapauxi.o)
    0x08007cc0   0x08007cc0   0x00000002   Code   RO          908    .text               c_w.l(use_no_semi.o)
    0x08007cc2   0x08007cc2   0x00000016   Code   RO          911    .text               c_w.l(_rserrno.o)
    0x08007cd8   0x08007cd8   0x00000008   Code   RO          979    .text               c_w.l(rt_errno_addr_intlibspace.o)
    0x08007ce0   0x08007ce0   0x00000008   Code   RO          987    .text               c_w.l(libspace.o)
    0x08007ce8   0x08007ce8   0x0000004a   Code   RO          990    .text               c_w.l(sys_stackheap_outer.o)
    0x08007d32   0x08007d32   0x00000012   Code   RO          992    .text               c_w.l(exit.o)
    0x08007d44   0x08007d44   0x00000030   Code   RO          944    i.__ARM_fpclassify  m_wm.l(fpclassify.o)
    0x08007d74   0x08007d74   0x00000004   PAD
    0x08007d78   0x08007d78   0x00000c50   Code   RO          894    i.__hardfp_pow      m_wm.l(pow.o)
    0x080089c8   0x080089c8   0x000000f8   Code   RO          946    i.__kernel_poly     m_wm.l(poly.o)
    0x08008ac0   0x08008ac0   0x00000030   Code   RO          924    i.__mathlib_dbl_divzero  m_wm.l(dunder.o)
    0x08008af0   0x08008af0   0x00000014   Code   RO          926    i.__mathlib_dbl_infnan2  m_wm.l(dunder.o)
    0x08008b04   0x08008b04   0x00000004   PAD
    0x08008b08   0x08008b08   0x00000020   Code   RO          927    i.__mathlib_dbl_invalid  m_wm.l(dunder.o)
    0x08008b28   0x08008b28   0x00000020   Code   RO          928    i.__mathlib_dbl_overflow  m_wm.l(dunder.o)
    0x08008b48   0x08008b48   0x00000020   Code   RO          930    i.__mathlib_dbl_underflow  m_wm.l(dunder.o)
    0x08008b68   0x08008b68   0x00000018   Code   RO          940    i.fabs              m_wm.l(fabs.o)
    0x08008b80   0x08008b80   0x0000006e   Code   RO          951    i.sqrt              m_wm.l(sqrt.o)
    0x08008bee   0x08008bee   0x00000018   Code   RO          913    x$fpl$basic         fz_wm.l(basic.o)
    0x08008c06   0x08008c06   0x00000002   PAD
    0x08008c08   0x08008c08   0x00000150   Code   RO          872    x$fpl$dadd          fz_wm.l(daddsub_clz.o)
    0x08008d58   0x08008d58   0x00000010   Code   RO          981    x$fpl$dcheck1       fz_wm.l(dcheck1.o)
    0x08008d68   0x08008d68   0x00000018   Code   RO         1000    x$fpl$dcmpinf       fz_wm.l(dcmpi.o)
    0x08008d80   0x08008d80   0x000002b0   Code   RO          879    x$fpl$ddiv          fz_wm.l(ddiv.o)
    0x08009030   0x08009030   0x0000005e   Code   RO          882    x$fpl$dfix          fz_wm.l(dfix.o)
    0x0800908e   0x0800908e   0x0000002e   Code   RO          887    x$fpl$dflt          fz_wm.l(dflt_clz.o)
    0x080090bc   0x080090bc   0x00000078   Code   RO          983    x$fpl$dleqf         fz_wm.l(dleqf.o)
    0x08009134   0x08009134   0x00000154   Code   RO          892    x$fpl$dmul          fz_wm.l(dmul.o)
    0x08009288   0x08009288   0x0000009c   Code   RO          915    x$fpl$dnaninf       fz_wm.l(dnaninf.o)
    0x08009324   0x08009324   0x0000000c   Code   RO          917    x$fpl$dretinf       fz_wm.l(dretinf.o)
    0x08009330   0x08009330   0x0000006c   Code   RO          919    x$fpl$drleqf        fz_wm.l(drleqf.o)
    0x0800939c   0x0800939c   0x00000016   Code   RO          873    x$fpl$drsb          fz_wm.l(daddsub_clz.o)
    0x080093b2   0x080093b2   0x00000002   PAD
    0x080093b4   0x080093b4   0x00000198   Code   RO          985    x$fpl$dsqrt         fz_wm.l(dsqrt_umaal.o)
    0x0800954c   0x0800954c   0x000001d4   Code   RO          874    x$fpl$dsub          fz_wm.l(daddsub_clz.o)
    0x08009720   0x08009720   0x0000000a   Code   RO         1062    x$fpl$fpinit        fz_wm.l(fpinit.o)
    0x0800972a   0x0800972a   0x00000064   Code   RO         1002    x$fpl$retnan        fz_wm.l(retnan.o)
    0x0800978e   0x0800978e   0x0000005c   Code   RO          921    x$fpl$scalbn        fz_wm.l(scalbn.o)
    0x080097ea   0x080097ea   0x00000030   Code   RO         1051    x$fpl$trapveneer    fz_wm.l(trapv.o)
    0x0800981a   0x0800981a   0x00000000   Code   RO          923    x$fpl$usenofp       fz_wm.l(usenofp.o)
    0x0800981a   0x0800981a   0x000017c0   Data   RO          759    .constdata          oled.o
    0x0800afda   0x0800afda   0x00000006   PAD
    0x0800afe0   0x0800afe0   0x00000088   Data   RO          897    .constdata          m_wm.l(pow.o)
    0x0800b068   0x0800b068   0x00000008   Data   RO          948    .constdata          m_wm.l(qnan.o)
    0x0800b070   0x0800b070   0x00000020   Data   RO         1128    Region$$Table       anon$$obj.o


    Execution Region RW_IRAM1 (Exec base: 0x20000000, Load base: 0x0800b090, Size: 0x00001288, Max: 0x00020000, ABSOLUTE)

    Exec Addr    Load Addr    Size         Type   Attr      Idx    E Section Name        Object

    0x20000000   0x0800b090   0x00000014   Data   RW            4    .data               system_stm32f4xx.o
    0x20000014   0x0800b0a4   0x00000014   Data   RW          133    .data               main.o
    0x20000028   0x0800b0b8   0x00000010   Data   RW          407    .data               stm32f4xx_rcc.o
    0x20000038   0x0800b0c8   0x00000004   Data   RW          510    .data               delay.o
    0x2000003c   0x0800b0cc   0x0000004c   Data   RW          536    .data               usart.o
    0x20000088   0x0800b118   0x00000018   Data   RW          606    .data               variate.o
    0x200000a0   0x0800b130   0x00000001   Data   RW          638    .data               key.o
    0x200000a1   0x0800b131   0x00000003   PAD
    0x200000a4   0x0800b134   0x00000018   Data   RW          680    .data               motor.o
    0x200000bc   0x0800b14c   0x00000034   Data   RW          817    .data               pid.o
    0x200000f0        -       0x000005a8   Zero   RW          535    .bss                usart.o
    0x20000698        -       0x000000c8   Zero   RW          605    .bss                variate.o
    0x20000760        -       0x00000400   Zero   RW          758    .bss                oled.o
    0x20000b60        -       0x00000014   Zero   RW          793    .bss                gray.o
    0x20000b74        -       0x000000a0   Zero   RW          816    .bss                pid.o
    0x20000c14        -       0x00000014   Zero   RW          841    .bss                gyro.o
    0x20000c28        -       0x00000060   Zero   RW          988    .bss                c_w.l(libspace.o)
    0x20000c88        -       0x00000200   Zero   RW          332    HEAP                startup_stm32f40_41xxx.o
    0x20000e88        -       0x00000400   Zero   RW          331    STACK               startup_stm32f40_41xxx.o


==============================================================================

Image component sizes


      Code (inc. data)   RO Data    RW Data    ZI Data      Debug   Object Name

       260          8          0          4          0       1477   delay.o
       604         26          0          0         20       1541   gray.o
       280         20          0          0         20       1389   gyro.o
       412         20          0          1          0       1149   key.o
        64          4          0          0          0        523   led.o
       360         46          0         20          0       1008   main.o
       224         20          0          0          0     230957   misc.o
      7152        214          0         24          0       7064   motor.o
      2076        112       6080          0       1024       6143   oled.o
      4108        282          0         52        160       6100   pid.o
        64         26        392          0       1536        832   startup_stm32f40_41xxx.o
       660         44          0          0          0       4157   stm32f4xx_gpio.o
        26          0          0          0          0       1222   stm32f4xx_it.o
      1628         52          0         16          0      13032   stm32f4xx_rcc.o
      3234         60          0          0          0      23012   stm32f4xx_tim.o
      1108         34          0          0          0       7880   stm32f4xx_usart.o
       528         46          0         20          0      54171   system_stm32f4xx.o
       704         62          0          0          0       1635   timer.o
      1260         86          0         76       1448       8820   usart.o
      6620        462          0         24        200       8186   variate.o

    ----------------------------------------------------------------------
     31376       1624       6510        240       4408     380298   Object Totals
         0          0         32          0          0          0   (incl. Generated)
         4          0          6          3          0          0   (incl. Padding)

    ----------------------------------------------------------------------

      Code (inc. data)   RO Data    RW Data    ZI Data      Debug   Library Member Name

         8          0          0          0          0         68   __main.o
         0          0          0          0          0          0   __rtentry.o
        12          0          0          0          0          0   __rtentry2.o
         6          0          0          0          0          0   __rtentry4.o
        52          8          0          0          0          0   __scatter.o
        26          0          0          0          0          0   __scatter_copy.o
        28          0          0          0          0          0   __scatter_zi.o
        22          0          0          0          0        100   _rserrno.o
        18          0          0          0          0         80   exit.o
         6          0          0          0          0        152   heapauxi.o
         2          0          0          0          0          0   libinit.o
         6          0          0          0          0          0   libinit2.o
         2          0          0          0          0          0   libshutdown.o
         2          0          0          0          0          0   libshutdown2.o
         8          4          0          0         96         68   libspace.o
         8          4          0          0          0         68   rt_errno_addr_intlibspace.o
         2          0          0          0          0          0   rtexit.o
        10          0          0          0          0          0   rtexit2.o
        74          0          0          0          0         80   sys_stackheap_outer.o
         2          0          0          0          0         68   use_no_semi.o
         2          0          0          0          0         68   use_no_semi_2.o
        24          0          0          0          0        164   basic.o
       826         16          0          0          0        492   daddsub_clz.o
        16          4          0          0          0        116   dcheck1.o
        24          0          0          0          0        116   dcmpi.o
       688        140          0          0          0        256   ddiv.o
        94          4          0          0          0        140   dfix.o
        46          0          0          0          0        116   dflt_clz.o
       120          4          0          0          0        140   dleqf.o
       340         12          0          0          0        152   dmul.o
       156          4          0          0          0        140   dnaninf.o
        12          0          0          0          0        116   dretinf.o
       108          0          0          0          0        128   drleqf.o
       408         56          0          0          0        168   dsqrt_umaal.o
        10          0          0          0          0        116   fpinit.o
       100          0          0          0          0        116   retnan.o
        92          0          0          0          0        116   scalbn.o
        48          0          0          0          0        116   trapv.o
         0          0          0          0          0          0   usenofp.o
       164         44          0          0          0        620   dunder.o
        24          0          0          0          0        124   fabs.o
        48          0          0          0          0        124   fpclassify.o
       248          0          0          0          0        152   poly.o
      3152        296        136          0          0        352   pow.o
         0          0          8          0          0          0   qnan.o
       110          0          0          0          0        148   sqrt.o

    ----------------------------------------------------------------------
      7170        596        144          0         96       4980   Library Totals
        16          0          0          0          0          0   (incl. Padding)

    ----------------------------------------------------------------------

      Code (inc. data)   RO Data    RW Data    ZI Data      Debug   Library Name

       296         16          0          0         96        752   c_w.l
      3112        240          0          0          0       2708   fz_wm.l
      3746        340        144          0          0       1520   m_wm.l

    ----------------------------------------------------------------------
      7170        596        144          0         96       4980   Library Totals

    ----------------------------------------------------------------------

==============================================================================


      Code (inc. data)   RO Data    RW Data    ZI Data      Debug   

     38546       2220       6654        240       4504     378818   Grand Totals
     38546       2220       6654        240       4504     378818   ELF Image Totals
     38546       2220       6654        240          0          0   ROM Totals

==============================================================================

    Total RO  Size (Code + RO Data)                45200 (  44.14kB)
    Total RW  Size (RW Data + ZI Data)              4744 (   4.63kB)
    Total ROM Size (Code + RO Data + RW Data)      45440 (  44.38kB)

==============================================================================

